DIO_program.c:273:13:MGPIO_voidLockSequence	0	static
DIO_program.c:16:6:MGPIO_voidSetPinDirection	16	static
DIO_program.c:70:6:MGPIO_voidSetPinValue	0	static
DIO_program.c:115:6:MGPIO_voidSetPin	0	static
DIO_program.c:143:6:MGPIO_voidClearPin	0	static
DIO_program.c:172:4:MGPIO_u8GetPinValue	0	static
DIO_program.c:197:6:MGPIO_voidSetPortDirection	8	static
DIO_program.c:228:6:MGPIO_voidSetPortValue	0	static
DIO_program.c:249:5:MGPIO_u16GetPortValue	0	static
DIO_program.c:327:6:MGPIO_voidLockPin	4	static
DIO_program.c:355:6:MGPIO_voidUnlockPin	4	static
DIO_program.c:381:6:MGPIO_voidSetPullResistor	16	static
