port.c:194:13:prvTaskExitError	8	static
port.c:240:13:prvPortStartFirstTask	0	static
port.c:174:15:pxPortInitialiseStack	0	static
port.c:220:6:SVC_Handler	0	static
port.c:358:6:vPortEndScheduler	0	static
port.c:366:6:vPortEnterCritical	0	static
port.c:383:6:vPortExitCritical	0	static
port.c:395:6:PendSV_Handler	0	static
port.c:432:6:SysTick_Handler	8	static
port.c:626:32:vPortSetupTimerInterrupt	0	static
port.c:261:12:xPortStartScheduler	16	static
port.c:649:10:vPortValidateInterruptPriority	0	static
