queue.c:2350:19:prvIsQueueEmpty	8	static
queue.c:2126:19:prvCopyDataToQueue	16	static
queue.c:2209:13:prvCopyDataFromQueue	4	static
queue.c:2230:13:prvUnlockQueue	16	static
queue.c:382:19:xQueueGenericCreate.part.2	0	static
queue.c:264:12:xQueueGenericReset	16	static
queue.c:382:19:xQueueGenericCreate	16	static
queue.c:744:19:xQueueCreateCountingSemaphore	8	static
queue.c:771:12:xQueueGenericSend	48	static
queue.c:522:19:xQueueCreateMutex	8	static
queue.c:983:12:xQueueGenericSendFromISR	32	static
queue.c:1150:12:xQueueGiveFromISR	16	static
queue.c:1318:12:xQueueReceive	48	static
queue.c:1461:12:xQueueSemaphoreTake	40	static
queue.c:1680:12:xQueuePeek	48	static
queue.c:1831:12:xQueueReceiveFromISR	32	static
queue.c:1926:12:xQueuePeekFromISR	24	static
queue.c:1981:13:uxQueueMessagesWaiting	8	static
queue.c:1997:13:uxQueueSpacesAvailable	16	static
queue.c:2014:13:uxQueueMessagesWaitingFromISR	0	static
queue.c:2026:6:vQueueDelete	0	static
queue.c:2371:12:xQueueIsQueueEmptyFromISR	0	static
queue.c:2412:12:xQueueIsQueueFullFromISR	0	static
queue.c:2811:10:vQueueWaitForMessageRestricted	16	static
