Archive member included to satisfy reference by file (symbol)

c:/program files (x86)/atmel/studio/7.0/toolchain/avr8/avr8-gnu-toolchain/bin/../lib/gcc/avr/5.4.0/avr5\libgcc.a(_exit.o)
                              C:/Program Files (x86)/Atmel/Studio/7.0/Packs/atmel/ATmega_DFP/1.6.364/gcc/dev/atmega32/avr5/crtatmega32.o (exit)
c:/program files (x86)/atmel/studio/7.0/toolchain/avr8/avr8-gnu-toolchain/bin/../lib/gcc/avr/5.4.0/avr5\libgcc.a(_copy_data.o)
                              main.o (__do_copy_data)
c:/program files (x86)/atmel/studio/7.0/toolchain/avr8/avr8-gnu-toolchain/bin/../lib/gcc/avr/5.4.0/avr5\libgcc.a(_clear_bss.o)
                              croutine.o (__do_clear_bss)
c:/program files (x86)/atmel/studio/7.0/toolchain/avr8/avr8-gnu-toolchain/bin/../lib/gcc/avr/5.4.0/avr5\libgcc.a(_udivdi3.o)
                              LCD_PROG.o (__umoddi3)
c:/program files (x86)/atmel/studio/7.0/toolchain/avr8/avr8-gnu-toolchain/bin/../lib/gcc/avr/5.4.0/avr5\libgcc.a(_udivmod64.o)
                              c:/program files (x86)/atmel/studio/7.0/toolchain/avr8/avr8-gnu-toolchain/bin/../lib/gcc/avr/5.4.0/avr5\libgcc.a(_udivdi3.o) (__udivmod64)
c:/program files (x86)/atmel/studio/7.0/toolchain/avr8/avr8-gnu-toolchain/bin/../lib/gcc/avr/5.4.0/avr5\libgcc.a(_cmpdi2_s8.o)
                              LCD_PROG.o (__cmpdi2_s8)
c:/program files (x86)/atmel/studio/7.0/toolchain/avr8/avr8-gnu-toolchain/bin/../lib/gcc/avr/5.4.0/../../../../avr/lib/avr5\libc.a(memcpy.o)
                              queue.o (memcpy)

Allocating common symbols
Common symbol       size              file

INT0_ptr            0x2               Interrupt_PROGc.o
INT2_ptr            0x2               Interrupt_PROGc.o
INT1_ptr            0x2               Interrupt_PROGc.o

Discarded input sections

 .data          0x00000000        0x0 C:/Program Files (x86)/Atmel/Studio/7.0/Packs/atmel/ATmega_DFP/1.6.364/gcc/dev/atmega32/avr5/crtatmega32.o
 .bss           0x00000000        0x0 C:/Program Files (x86)/Atmel/Studio/7.0/Packs/atmel/ATmega_DFP/1.6.364/gcc/dev/atmega32/avr5/crtatmega32.o
 .text          0x00000000        0x0 croutine.o
 .data          0x00000000        0x0 croutine.o
 .bss           0x00000000        0x0 croutine.o
 .text.prvInitialiseCoRoutineLists
                0x00000000       0x5e croutine.o
 .text.prvCheckPendingReadyList
                0x00000000       0x6c croutine.o
 .text.prvCheckDelayedList
                0x00000000      0x106 croutine.o
 .text.xCoRoutineCreate
                0x00000000       0xba croutine.o
 .text.vCoRoutineAddToDelayedList
                0x00000000       0x86 croutine.o
 .text.vCoRoutineSchedule
                0x00000000       0xbe croutine.o
 .text.xCoRoutineRemoveFromEventList
                0x00000000       0x4c croutine.o
 .bss.xPassedTicks
                0x00000000        0x2 croutine.o
 .bss.xLastTickCount
                0x00000000        0x2 croutine.o
 .bss.xCoRoutineTickCount
                0x00000000        0x2 croutine.o
 .bss.uxTopCoRoutineReadyPriority
                0x00000000        0x1 croutine.o
 .bss.pxCurrentCoRoutine
                0x00000000        0x2 croutine.o
 .bss.xPendingReadyCoRoutineList
                0x00000000        0x9 croutine.o
 .bss.pxOverflowDelayedCoRoutineList
                0x00000000        0x2 croutine.o
 .bss.pxDelayedCoRoutineList
                0x00000000        0x2 croutine.o
 .bss.xDelayedCoRoutineList2
                0x00000000        0x9 croutine.o
 .bss.xDelayedCoRoutineList1
                0x00000000        0x9 croutine.o
 .bss.pxReadyCoRoutineLists
                0x00000000       0x12 croutine.o
 .debug_info    0x00000000      0x72d croutine.o
 .debug_abbrev  0x00000000      0x205 croutine.o
 .debug_loc     0x00000000      0x3f0 croutine.o
 .debug_aranges
                0x00000000       0x50 croutine.o
 .debug_ranges  0x00000000       0x40 croutine.o
 .debug_line    0x00000000      0x3ab croutine.o
 .debug_str     0x00000000      0x57a croutine.o
 .comment       0x00000000       0x31 croutine.o
 .debug_frame   0x00000000      0x100 croutine.o
 .text          0x00000000        0x0 DIO_PROG.o
 .data          0x00000000        0x0 DIO_PROG.o
 .bss           0x00000000        0x0 DIO_PROG.o
 .text.DIO_VoidTogglePin
                0x00000000       0x7e DIO_PROG.o
 .text.DIO_VoidSetPortDirection
                0x00000000      0x192 DIO_PROG.o
 .text.DIO_VoidSetPortValue
                0x00000000       0x26 DIO_PROG.o
 .text.DIO_U8GetPinValue
                0x00000000       0x72 DIO_PROG.o
 .text.DIO_U8GetPortValue
                0x00000000       0x2a DIO_PROG.o
 .text.DIO_VoidSetLow4BitDirection
                0x00000000       0x4e DIO_PROG.o
 .text.DIO_VoidSetLow4BitValue
                0x00000000       0x4e DIO_PROG.o
 .text          0x00000000        0x0 event_groups.o
 .data          0x00000000        0x0 event_groups.o
 .bss           0x00000000        0x0 event_groups.o
 .text.prvTestWaitCondition
                0x00000000       0x26 event_groups.o
 .text.xEventGroupCreate
                0x00000000       0x26 event_groups.o
 .text.xEventGroupWaitBits
                0x00000000       0xe4 event_groups.o
 .text.xEventGroupClearBits
                0x00000000       0x1e event_groups.o
 .text.xEventGroupGetBitsFromISR
                0x00000000        0x8 event_groups.o
 .text.xEventGroupSetBits
                0x00000000       0xc8 event_groups.o
 .text.xEventGroupSync
                0x00000000       0xd6 event_groups.o
 .text.vEventGroupDelete
                0x00000000       0x2e event_groups.o
 .text.vEventGroupSetBitsCallback
                0x00000000        0x8 event_groups.o
 .text.vEventGroupClearBitsCallback
                0x00000000        0x8 event_groups.o
 .debug_info    0x00000000      0x8df event_groups.o
 .debug_abbrev  0x00000000      0x1dc event_groups.o
 .debug_loc     0x00000000      0xb41 event_groups.o
 .debug_aranges
                0x00000000       0x68 event_groups.o
 .debug_ranges  0x00000000       0x70 event_groups.o
 .debug_line    0x00000000      0x3fc event_groups.o
 .debug_str     0x00000000      0x5c4 event_groups.o
 .comment       0x00000000       0x31 event_groups.o
 .debug_frame   0x00000000      0x15c event_groups.o
 .text          0x00000000        0x0 heap_1.o
 .data          0x00000000        0x0 heap_1.o
 .bss           0x00000000        0x0 heap_1.o
 .text.vPortInitialiseBlocks
                0x00000000        0xa heap_1.o
 .text.xPortGetFreeHeapSize
                0x00000000       0x12 heap_1.o
 .text          0x00000000        0x0 Interrupt_PROGc.o
 .data          0x00000000        0x0 Interrupt_PROGc.o
 .bss           0x00000000        0x0 Interrupt_PROGc.o
 .text          0x00000000        0x0 LCD_PROG.o
 .data          0x00000000        0x0 LCD_PROG.o
 .bss           0x00000000        0x0 LCD_PROG.o
 .text.LCD_Void_8BitSendCommand
                0x00000000       0x44 LCD_PROG.o
 .text.LCD_Void_8BitInit
                0x00000000       0x70 LCD_PROG.o
 .text.LCD_Void_8BitSendChar
                0x00000000       0x44 LCD_PROG.o
 .text.LCD_Void_8BitSendString
                0x00000000       0x26 LCD_PROG.o
 .text.LCD_Void_8BitSendNumber
                0x00000000      0x11e LCD_PROG.o
 .text.LCD_Void_4BitSendNumber
                0x00000000      0x11e LCD_PROG.o
 .text          0x00000000        0x0 list.o
 .data          0x00000000        0x0 list.o
 .bss           0x00000000        0x0 list.o
 .text          0x00000000        0x0 main.o
 .data          0x00000000        0x0 main.o
 .bss           0x00000000        0x0 main.o
 .bss.task2_handle
                0x00000000        0x2 main.o
 .text          0x00000000        0x0 port.o
 .data          0x00000000        0x0 port.o
 .bss           0x00000000        0x0 port.o
 .text.vPortEndScheduler
                0x00000000        0x2 port.o
 .text          0x00000000        0x0 queue.o
 .data          0x00000000        0x0 queue.o
 .bss           0x00000000        0x0 queue.o
 .text.prvIsQueueFull
                0x00000000       0x1c queue.o
 .text.prvCopyDataToQueue
                0x00000000       0x92 queue.o
 .text.prvCopyDataFromQueue
                0x00000000       0x34 queue.o
 .text.xQueueGenericSend
                0x00000000      0x124 queue.o
 .text.xQueueGenericSendFromISR
                0x00000000       0x78 queue.o
 .text.xQueueReceive
                0x00000000      0x11e queue.o
 .text.xQueuePeek
                0x00000000      0x122 queue.o
 .text.xQueueReceiveFromISR
                0x00000000       0x6e queue.o
 .text.xQueuePeekFromISR
                0x00000000       0x2e queue.o
 .text.uxQueueMessagesWaiting
                0x00000000       0x10 queue.o
 .text.uxQueueSpacesAvailable
                0x00000000       0x16 queue.o
 .text.uxQueueMessagesWaitingFromISR
                0x00000000        0x6 queue.o
 .text.vQueueDelete
                0x00000000        0x6 queue.o
 .text.xQueueIsQueueEmptyFromISR
                0x00000000       0x10 queue.o
 .text.xQueueIsQueueFullFromISR
                0x00000000       0x12 queue.o
 .text.xQueueCRSend
                0x00000000       0x80 queue.o
 .text.xQueueCRReceive
                0x00000000       0x92 queue.o
 .text.xQueueCRSendFromISR
                0x00000000       0x4c queue.o
 .text.xQueueCRReceiveFromISR
                0x00000000       0x82 queue.o
 .text          0x00000000        0x0 stream_buffer.o
 .data          0x00000000        0x0 stream_buffer.o
 .bss           0x00000000        0x0 stream_buffer.o
 .text.prvBytesInBuffer
                0x00000000       0x26 stream_buffer.o
 .text.prvInitialiseNewStreamBuffer
                0x00000000       0x20 stream_buffer.o
 .text.prvWriteBytesToBuffer
                0x00000000       0x92 stream_buffer.o
 .text.prvWriteMessageToBuffer
                0x00000000       0x8a stream_buffer.o
 .text.prvReadBytesFromBuffer
                0x00000000       0xa0 stream_buffer.o
 .text.prvReadMessageFromBuffer
                0x00000000       0x8c stream_buffer.o
 .text.xStreamBufferGenericCreate
                0x00000000       0x68 stream_buffer.o
 .text.vStreamBufferDelete
                0x00000000       0x1a stream_buffer.o
 .text.xStreamBufferReset
                0x00000000       0x3e stream_buffer.o
 .text.xStreamBufferSetTriggerLevel
                0x00000000       0x22 stream_buffer.o
 .text.xStreamBufferSpacesAvailable
                0x00000000       0x24 stream_buffer.o
 .text.xStreamBufferBytesAvailable
                0x00000000        0x6 stream_buffer.o
 .text.xStreamBufferSend
                0x00000000      0x174 stream_buffer.o
 .text.xStreamBufferSendFromISR
                0x00000000       0x8e stream_buffer.o
 .text.xStreamBufferReceive
                0x00000000      0x104 stream_buffer.o
 .text.xStreamBufferNextMessageLengthBytes
                0x00000000       0x66 stream_buffer.o
 .text.xStreamBufferReceiveFromISR
                0x00000000       0x8a stream_buffer.o
 .text.xStreamBufferIsEmpty
                0x00000000       0x18 stream_buffer.o
 .text.xStreamBufferIsFull
                0x00000000       0x2c stream_buffer.o
 .text.xStreamBufferSendCompletedFromISR
                0x00000000       0x4c stream_buffer.o
 .text.xStreamBufferReceiveCompletedFromISR
                0x00000000       0x4c stream_buffer.o
 .debug_info    0x00000000     0x132b stream_buffer.o
 .debug_abbrev  0x00000000      0x22a stream_buffer.o
 .debug_loc     0x00000000     0x1c54 stream_buffer.o
 .debug_aranges
                0x00000000       0xc0 stream_buffer.o
 .debug_ranges  0x00000000       0xb0 stream_buffer.o
 .debug_line    0x00000000      0x78f stream_buffer.o
 .debug_str     0x00000000      0x7fc stream_buffer.o
 .comment       0x00000000       0x31 stream_buffer.o
 .debug_frame   0x00000000      0x404 stream_buffer.o
 .text          0x00000000        0x0 tasks.o
 .data          0x00000000        0x0 tasks.o
 .bss           0x00000000        0x0 tasks.o
 .text.vTaskDelete
                0x00000000       0xa2 tasks.o
 .text.vTaskEndScheduler
                0x00000000        0xc tasks.o
 .text.xTaskGetTickCount
                0x00000000       0x14 tasks.o
 .text.xTaskGetTickCountFromISR
                0x00000000        0xa tasks.o
 .text.uxTaskGetNumberOfTasks
                0x00000000        0x6 tasks.o
 .text.pcTaskGetName
                0x00000000       0x10 tasks.o
 .text.xTaskDelayUntil
                0x00000000       0x84 tasks.o
 .text.vTaskDelay
                0x00000000       0x2c tasks.o
 .text.xTaskCatchUpTicks
                0x00000000       0x28 tasks.o
 .text.vTaskPlaceOnUnorderedEventList
                0x00000000       0x32 tasks.o
 .text.vTaskRemoveFromUnorderedEventList
                0x00000000       0x70 tasks.o
 .text.vTaskSetTimeOutState
                0x00000000       0x20 tasks.o
 .text.uxTaskResetEventItemValue
                0x00000000       0x2e tasks.o
 .text.ulTaskGenericNotifyTake
                0x00000000      0x106 tasks.o
 .text.xTaskGenericNotifyWait
                0x00000000      0x142 tasks.o
 .text.xTaskGenericNotify
                0x00000000      0x168 tasks.o
 .text.xTaskGenericNotifyFromISR
                0x00000000      0x18c tasks.o
 .text.vTaskGenericNotifyGiveFromISR
                0x00000000       0xd0 tasks.o
 .text.xTaskGenericNotifyStateClear
                0x00000000       0x34 tasks.o
 .text.ulTaskGenericNotifyValueClear
                0x00000000       0x6c tasks.o
 .text          0x00000000        0x0 timers.o
 .data          0x00000000        0x0 timers.o
 .bss           0x00000000        0x0 timers.o
 .debug_info    0x00000000       0x64 timers.o
 .debug_abbrev  0x00000000       0x26 timers.o
 .debug_aranges
                0x00000000       0x18 timers.o
 .debug_line    0x00000000       0x1a timers.o
 .debug_str     0x00000000      0x1ae timers.o
 .comment       0x00000000       0x31 timers.o
 .text          0x00000000        0x0 c:/program files (x86)/atmel/studio/7.0/toolchain/avr8/avr8-gnu-toolchain/bin/../lib/gcc/avr/5.4.0/avr5\libgcc.a(_exit.o)
 .data          0x00000000        0x0 c:/program files (x86)/atmel/studio/7.0/toolchain/avr8/avr8-gnu-toolchain/bin/../lib/gcc/avr/5.4.0/avr5\libgcc.a(_exit.o)
 .bss           0x00000000        0x0 c:/program files (x86)/atmel/studio/7.0/toolchain/avr8/avr8-gnu-toolchain/bin/../lib/gcc/avr/5.4.0/avr5\libgcc.a(_exit.o)
 .text.libgcc.mul
                0x00000000        0x0 c:/program files (x86)/atmel/studio/7.0/toolchain/avr8/avr8-gnu-toolchain/bin/../lib/gcc/avr/5.4.0/avr5\libgcc.a(_exit.o)
 .text.libgcc.div
                0x00000000        0x0 c:/program files (x86)/atmel/studio/7.0/toolchain/avr8/avr8-gnu-toolchain/bin/../lib/gcc/avr/5.4.0/avr5\libgcc.a(_exit.o)
 .text.libgcc   0x00000000        0x0 c:/program files (x86)/atmel/studio/7.0/toolchain/avr8/avr8-gnu-toolchain/bin/../lib/gcc/avr/5.4.0/avr5\libgcc.a(_exit.o)
 .text.libgcc.prologue
                0x00000000        0x0 c:/program files (x86)/atmel/studio/7.0/toolchain/avr8/avr8-gnu-toolchain/bin/../lib/gcc/avr/5.4.0/avr5\libgcc.a(_exit.o)
 .text.libgcc.builtins
                0x00000000        0x0 c:/program files (x86)/atmel/studio/7.0/toolchain/avr8/avr8-gnu-toolchain/bin/../lib/gcc/avr/5.4.0/avr5\libgcc.a(_exit.o)
 .text.libgcc.fmul
                0x00000000        0x0 c:/program files (x86)/atmel/studio/7.0/toolchain/avr8/avr8-gnu-toolchain/bin/../lib/gcc/avr/5.4.0/avr5\libgcc.a(_exit.o)
 .text.libgcc.fixed
                0x00000000        0x0 c:/program files (x86)/atmel/studio/7.0/toolchain/avr8/avr8-gnu-toolchain/bin/../lib/gcc/avr/5.4.0/avr5\libgcc.a(_exit.o)
 .text          0x00000000        0x0 c:/program files (x86)/atmel/studio/7.0/toolchain/avr8/avr8-gnu-toolchain/bin/../lib/gcc/avr/5.4.0/avr5\libgcc.a(_copy_data.o)
 .data          0x00000000        0x0 c:/program files (x86)/atmel/studio/7.0/toolchain/avr8/avr8-gnu-toolchain/bin/../lib/gcc/avr/5.4.0/avr5\libgcc.a(_copy_data.o)
 .bss           0x00000000        0x0 c:/program files (x86)/atmel/studio/7.0/toolchain/avr8/avr8-gnu-toolchain/bin/../lib/gcc/avr/5.4.0/avr5\libgcc.a(_copy_data.o)
 .text.libgcc.mul
                0x00000000        0x0 c:/program files (x86)/atmel/studio/7.0/toolchain/avr8/avr8-gnu-toolchain/bin/../lib/gcc/avr/5.4.0/avr5\libgcc.a(_copy_data.o)
 .text.libgcc.div
                0x00000000        0x0 c:/program files (x86)/atmel/studio/7.0/toolchain/avr8/avr8-gnu-toolchain/bin/../lib/gcc/avr/5.4.0/avr5\libgcc.a(_copy_data.o)
 .text.libgcc   0x00000000        0x0 c:/program files (x86)/atmel/studio/7.0/toolchain/avr8/avr8-gnu-toolchain/bin/../lib/gcc/avr/5.4.0/avr5\libgcc.a(_copy_data.o)
 .text.libgcc.prologue
                0x00000000        0x0 c:/program files (x86)/atmel/studio/7.0/toolchain/avr8/avr8-gnu-toolchain/bin/../lib/gcc/avr/5.4.0/avr5\libgcc.a(_copy_data.o)
 .text.libgcc.builtins
                0x00000000        0x0 c:/program files (x86)/atmel/studio/7.0/toolchain/avr8/avr8-gnu-toolchain/bin/../lib/gcc/avr/5.4.0/avr5\libgcc.a(_copy_data.o)
 .text.libgcc.fmul
                0x00000000        0x0 c:/program files (x86)/atmel/studio/7.0/toolchain/avr8/avr8-gnu-toolchain/bin/../lib/gcc/avr/5.4.0/avr5\libgcc.a(_copy_data.o)
 .text.libgcc.fixed
                0x00000000        0x0 c:/program files (x86)/atmel/studio/7.0/toolchain/avr8/avr8-gnu-toolchain/bin/../lib/gcc/avr/5.4.0/avr5\libgcc.a(_copy_data.o)
 .text          0x00000000        0x0 c:/program files (x86)/atmel/studio/7.0/toolchain/avr8/avr8-gnu-toolchain/bin/../lib/gcc/avr/5.4.0/avr5\libgcc.a(_clear_bss.o)
 .data          0x00000000        0x0 c:/program files (x86)/atmel/studio/7.0/toolchain/avr8/avr8-gnu-toolchain/bin/../lib/gcc/avr/5.4.0/avr5\libgcc.a(_clear_bss.o)
 .bss           0x00000000        0x0 c:/program files (x86)/atmel/studio/7.0/toolchain/avr8/avr8-gnu-toolchain/bin/../lib/gcc/avr/5.4.0/avr5\libgcc.a(_clear_bss.o)
 .text.libgcc.mul
                0x00000000        0x0 c:/program files (x86)/atmel/studio/7.0/toolchain/avr8/avr8-gnu-toolchain/bin/../lib/gcc/avr/5.4.0/avr5\libgcc.a(_clear_bss.o)
 .text.libgcc.div
                0x00000000        0x0 c:/program files (x86)/atmel/studio/7.0/toolchain/avr8/avr8-gnu-toolchain/bin/../lib/gcc/avr/5.4.0/avr5\libgcc.a(_clear_bss.o)
 .text.libgcc   0x00000000        0x0 c:/program files (x86)/atmel/studio/7.0/toolchain/avr8/avr8-gnu-toolchain/bin/../lib/gcc/avr/5.4.0/avr5\libgcc.a(_clear_bss.o)
 .text.libgcc.prologue
                0x00000000        0x0 c:/program files (x86)/atmel/studio/7.0/toolchain/avr8/avr8-gnu-toolchain/bin/../lib/gcc/avr/5.4.0/avr5\libgcc.a(_clear_bss.o)
 .text.libgcc.builtins
                0x00000000        0x0 c:/program files (x86)/atmel/studio/7.0/toolchain/avr8/avr8-gnu-toolchain/bin/../lib/gcc/avr/5.4.0/avr5\libgcc.a(_clear_bss.o)
 .text.libgcc.fmul
                0x00000000        0x0 c:/program files (x86)/atmel/studio/7.0/toolchain/avr8/avr8-gnu-toolchain/bin/../lib/gcc/avr/5.4.0/avr5\libgcc.a(_clear_bss.o)
 .text.libgcc.fixed
                0x00000000        0x0 c:/program files (x86)/atmel/studio/7.0/toolchain/avr8/avr8-gnu-toolchain/bin/../lib/gcc/avr/5.4.0/avr5\libgcc.a(_clear_bss.o)
 .text          0x00000000        0x0 c:/program files (x86)/atmel/studio/7.0/toolchain/avr8/avr8-gnu-toolchain/bin/../lib/gcc/avr/5.4.0/avr5\libgcc.a(_udivdi3.o)
 .data          0x00000000        0x0 c:/program files (x86)/atmel/studio/7.0/toolchain/avr8/avr8-gnu-toolchain/bin/../lib/gcc/avr/5.4.0/avr5\libgcc.a(_udivdi3.o)
 .bss           0x00000000        0x0 c:/program files (x86)/atmel/studio/7.0/toolchain/avr8/avr8-gnu-toolchain/bin/../lib/gcc/avr/5.4.0/avr5\libgcc.a(_udivdi3.o)
 .text.libgcc.mul
                0x00000000        0x0 c:/program files (x86)/atmel/studio/7.0/toolchain/avr8/avr8-gnu-toolchain/bin/../lib/gcc/avr/5.4.0/avr5\libgcc.a(_udivdi3.o)
 .text.libgcc.div
                0x00000000       0x1c c:/program files (x86)/atmel/studio/7.0/toolchain/avr8/avr8-gnu-toolchain/bin/../lib/gcc/avr/5.4.0/avr5\libgcc.a(_udivdi3.o)
 .text.libgcc   0x00000000        0x0 c:/program files (x86)/atmel/studio/7.0/toolchain/avr8/avr8-gnu-toolchain/bin/../lib/gcc/avr/5.4.0/avr5\libgcc.a(_udivdi3.o)
 .text.libgcc.prologue
                0x00000000        0x0 c:/program files (x86)/atmel/studio/7.0/toolchain/avr8/avr8-gnu-toolchain/bin/../lib/gcc/avr/5.4.0/avr5\libgcc.a(_udivdi3.o)
 .text.libgcc.builtins
                0x00000000        0x0 c:/program files (x86)/atmel/studio/7.0/toolchain/avr8/avr8-gnu-toolchain/bin/../lib/gcc/avr/5.4.0/avr5\libgcc.a(_udivdi3.o)
 .text.libgcc.fmul
                0x00000000        0x0 c:/program files (x86)/atmel/studio/7.0/toolchain/avr8/avr8-gnu-toolchain/bin/../lib/gcc/avr/5.4.0/avr5\libgcc.a(_udivdi3.o)
 .text.libgcc.fixed
                0x00000000        0x0 c:/program files (x86)/atmel/studio/7.0/toolchain/avr8/avr8-gnu-toolchain/bin/../lib/gcc/avr/5.4.0/avr5\libgcc.a(_udivdi3.o)
 .text          0x00000000        0x0 c:/program files (x86)/atmel/studio/7.0/toolchain/avr8/avr8-gnu-toolchain/bin/../lib/gcc/avr/5.4.0/avr5\libgcc.a(_udivmod64.o)
 .data          0x00000000        0x0 c:/program files (x86)/atmel/studio/7.0/toolchain/avr8/avr8-gnu-toolchain/bin/../lib/gcc/avr/5.4.0/avr5\libgcc.a(_udivmod64.o)
 .bss           0x00000000        0x0 c:/program files (x86)/atmel/studio/7.0/toolchain/avr8/avr8-gnu-toolchain/bin/../lib/gcc/avr/5.4.0/avr5\libgcc.a(_udivmod64.o)
 .text.libgcc.mul
                0x00000000        0x0 c:/program files (x86)/atmel/studio/7.0/toolchain/avr8/avr8-gnu-toolchain/bin/../lib/gcc/avr/5.4.0/avr5\libgcc.a(_udivmod64.o)
 .text.libgcc.div
                0x00000000       0xa2 c:/program files (x86)/atmel/studio/7.0/toolchain/avr8/avr8-gnu-toolchain/bin/../lib/gcc/avr/5.4.0/avr5\libgcc.a(_udivmod64.o)
 .text.libgcc   0x00000000        0x0 c:/program files (x86)/atmel/studio/7.0/toolchain/avr8/avr8-gnu-toolchain/bin/../lib/gcc/avr/5.4.0/avr5\libgcc.a(_udivmod64.o)
 .text.libgcc.prologue
                0x00000000        0x0 c:/program files (x86)/atmel/studio/7.0/toolchain/avr8/avr8-gnu-toolchain/bin/../lib/gcc/avr/5.4.0/avr5\libgcc.a(_udivmod64.o)
 .text.libgcc.builtins
                0x00000000        0x0 c:/program files (x86)/atmel/studio/7.0/toolchain/avr8/avr8-gnu-toolchain/bin/../lib/gcc/avr/5.4.0/avr5\libgcc.a(_udivmod64.o)
 .text.libgcc.fmul
                0x00000000        0x0 c:/program files (x86)/atmel/studio/7.0/toolchain/avr8/avr8-gnu-toolchain/bin/../lib/gcc/avr/5.4.0/avr5\libgcc.a(_udivmod64.o)
 .text.libgcc.fixed
                0x00000000        0x0 c:/program files (x86)/atmel/studio/7.0/toolchain/avr8/avr8-gnu-toolchain/bin/../lib/gcc/avr/5.4.0/avr5\libgcc.a(_udivmod64.o)
 .text          0x00000000        0x0 c:/program files (x86)/atmel/studio/7.0/toolchain/avr8/avr8-gnu-toolchain/bin/../lib/gcc/avr/5.4.0/avr5\libgcc.a(_cmpdi2_s8.o)
 .data          0x00000000        0x0 c:/program files (x86)/atmel/studio/7.0/toolchain/avr8/avr8-gnu-toolchain/bin/../lib/gcc/avr/5.4.0/avr5\libgcc.a(_cmpdi2_s8.o)
 .bss           0x00000000        0x0 c:/program files (x86)/atmel/studio/7.0/toolchain/avr8/avr8-gnu-toolchain/bin/../lib/gcc/avr/5.4.0/avr5\libgcc.a(_cmpdi2_s8.o)
 .text.libgcc.mul
                0x00000000        0x0 c:/program files (x86)/atmel/studio/7.0/toolchain/avr8/avr8-gnu-toolchain/bin/../lib/gcc/avr/5.4.0/avr5\libgcc.a(_cmpdi2_s8.o)
 .text.libgcc.div
                0x00000000        0x0 c:/program files (x86)/atmel/studio/7.0/toolchain/avr8/avr8-gnu-toolchain/bin/../lib/gcc/avr/5.4.0/avr5\libgcc.a(_cmpdi2_s8.o)
 .text.libgcc   0x00000000       0x18 c:/program files (x86)/atmel/studio/7.0/toolchain/avr8/avr8-gnu-toolchain/bin/../lib/gcc/avr/5.4.0/avr5\libgcc.a(_cmpdi2_s8.o)
 .text.libgcc.prologue
                0x00000000        0x0 c:/program files (x86)/atmel/studio/7.0/toolchain/avr8/avr8-gnu-toolchain/bin/../lib/gcc/avr/5.4.0/avr5\libgcc.a(_cmpdi2_s8.o)
 .text.libgcc.builtins
                0x00000000        0x0 c:/program files (x86)/atmel/studio/7.0/toolchain/avr8/avr8-gnu-toolchain/bin/../lib/gcc/avr/5.4.0/avr5\libgcc.a(_cmpdi2_s8.o)
 .text.libgcc.fmul
                0x00000000        0x0 c:/program files (x86)/atmel/studio/7.0/toolchain/avr8/avr8-gnu-toolchain/bin/../lib/gcc/avr/5.4.0/avr5\libgcc.a(_cmpdi2_s8.o)
 .text.libgcc.fixed
                0x00000000        0x0 c:/program files (x86)/atmel/studio/7.0/toolchain/avr8/avr8-gnu-toolchain/bin/../lib/gcc/avr/5.4.0/avr5\libgcc.a(_cmpdi2_s8.o)
 .text          0x00000000        0x0 c:/program files (x86)/atmel/studio/7.0/toolchain/avr8/avr8-gnu-toolchain/bin/../lib/gcc/avr/5.4.0/../../../../avr/lib/avr5\libc.a(memcpy.o)
 .data          0x00000000        0x0 c:/program files (x86)/atmel/studio/7.0/toolchain/avr8/avr8-gnu-toolchain/bin/../lib/gcc/avr/5.4.0/../../../../avr/lib/avr5\libc.a(memcpy.o)
 .bss           0x00000000        0x0 c:/program files (x86)/atmel/studio/7.0/toolchain/avr8/avr8-gnu-toolchain/bin/../lib/gcc/avr/5.4.0/../../../../avr/lib/avr5\libc.a(memcpy.o)
 .text.avr-libc
                0x00000000       0x12 c:/program files (x86)/atmel/studio/7.0/toolchain/avr8/avr8-gnu-toolchain/bin/../lib/gcc/avr/5.4.0/../../../../avr/lib/avr5\libc.a(memcpy.o)

Memory Configuration

Name             Origin             Length             Attributes
text             0x00000000         0x00008000         xr
data             0x00800060         0x00000800         rw !x
eeprom           0x00810000         0x00000400         rw !x
fuse             0x00820000         0x00000002         rw !x
lock             0x00830000         0x00000400         rw !x
signature        0x00840000         0x00000400         rw !x
user_signatures  0x00850000         0x00000400         rw !x
*default*        0x00000000         0xffffffff

Linker script and memory map

LOAD C:/Program Files (x86)/Atmel/Studio/7.0/Packs/atmel/ATmega_DFP/1.6.364/gcc/dev/atmega32/avr5/crtatmega32.o
LOAD croutine.o
LOAD DIO_PROG.o
LOAD event_groups.o
LOAD heap_1.o
LOAD Interrupt_PROGc.o
LOAD LCD_PROG.o
LOAD list.o
LOAD main.o
LOAD port.o
LOAD queue.o
LOAD stream_buffer.o
LOAD tasks.o
LOAD timers.o
START GROUP
LOAD c:/program files (x86)/atmel/studio/7.0/toolchain/avr8/avr8-gnu-toolchain/bin/../lib/gcc/avr/5.4.0/../../../../avr/lib/avr5\libm.a
END GROUP
START GROUP
LOAD c:/program files (x86)/atmel/studio/7.0/toolchain/avr8/avr8-gnu-toolchain/bin/../lib/gcc/avr/5.4.0/avr5\libgcc.a
LOAD c:/program files (x86)/atmel/studio/7.0/toolchain/avr8/avr8-gnu-toolchain/bin/../lib/gcc/avr/5.4.0/../../../../avr/lib/avr5\libm.a
LOAD c:/program files (x86)/atmel/studio/7.0/toolchain/avr8/avr8-gnu-toolchain/bin/../lib/gcc/avr/5.4.0/../../../../avr/lib/avr5\libc.a
LOAD C:/Program Files (x86)/Atmel/Studio/7.0/Packs/atmel/ATmega_DFP/1.6.364/gcc/dev/atmega32/avr5\libatmega32.a
END GROUP
                0x00000000                __TEXT_REGION_ORIGIN__ = DEFINED (__TEXT_REGION_ORIGIN__)?__TEXT_REGION_ORIGIN__:0x0
                [0x00800060]                __DATA_REGION_ORIGIN__ = DEFINED (__DATA_REGION_ORIGIN__)?__DATA_REGION_ORIGIN__:0x800060
                [0x00008000]                __TEXT_REGION_LENGTH__ = DEFINED (__TEXT_REGION_LENGTH__)?__TEXT_REGION_LENGTH__:0x20000
                [0x00000800]                __DATA_REGION_LENGTH__ = DEFINED (__DATA_REGION_LENGTH__)?__DATA_REGION_LENGTH__:0xffa0
                [0x00000400]                __EEPROM_REGION_LENGTH__ = DEFINED (__EEPROM_REGION_LENGTH__)?__EEPROM_REGION_LENGTH__:0x10000
                [0x00000002]                __FUSE_REGION_LENGTH__ = DEFINED (__FUSE_REGION_LENGTH__)?__FUSE_REGION_LENGTH__:0x400
                0x00000400                __LOCK_REGION_LENGTH__ = DEFINED (__LOCK_REGION_LENGTH__)?__LOCK_REGION_LENGTH__:0x400
                0x00000400                __SIGNATURE_REGION_LENGTH__ = DEFINED (__SIGNATURE_REGION_LENGTH__)?__SIGNATURE_REGION_LENGTH__:0x400
                0x00000400                __USER_SIGNATURE_REGION_LENGTH__ = DEFINED (__USER_SIGNATURE_REGION_LENGTH__)?__USER_SIGNATURE_REGION_LENGTH__:0x400

.hash
 *(.hash)

.dynsym
 *(.dynsym)

.dynstr
 *(.dynstr)

.gnu.version
 *(.gnu.version)

.gnu.version_d
 *(.gnu.version_d)

.gnu.version_r
 *(.gnu.version_r)

.rel.init
 *(.rel.init)

.rela.init
 *(.rela.init)

.rel.text
 *(.rel.text)
 *(.rel.text.*)
 *(.rel.gnu.linkonce.t*)

.rela.text
 *(.rela.text)
 *(.rela.text.*)
 *(.rela.gnu.linkonce.t*)

.rel.fini
 *(.rel.fini)

.rela.fini
 *(.rela.fini)

.rel.rodata
 *(.rel.rodata)
 *(.rel.rodata.*)
 *(.rel.gnu.linkonce.r*)

.rela.rodata
 *(.rela.rodata)
 *(.rela.rodata.*)
 *(.rela.gnu.linkonce.r*)

.rel.data
 *(.rel.data)
 *(.rel.data.*)
 *(.rel.gnu.linkonce.d*)

.rela.data
 *(.rela.data)
 *(.rela.data.*)
 *(.rela.gnu.linkonce.d*)

.rel.ctors
 *(.rel.ctors)

.rela.ctors
 *(.rela.ctors)

.rel.dtors
 *(.rel.dtors)

.rela.dtors
 *(.rela.dtors)

.rel.got
 *(.rel.got)

.rela.got
 *(.rela.got)

.rel.bss
 *(.rel.bss)

.rela.bss
 *(.rela.bss)

.rel.plt
 *(.rel.plt)

.rela.plt
 *(.rela.plt)

.text           0x00000000     0x176a
 *(.vectors)
 .vectors       0x00000000       0x54 C:/Program Files (x86)/Atmel/Studio/7.0/Packs/atmel/ATmega_DFP/1.6.364/gcc/dev/atmega32/avr5/crtatmega32.o
                0x00000000                __vector_default
                0x00000000                __vectors
 *(.vectors)
 *(.progmem.gcc*)
                0x00000054                . = ALIGN (0x2)
                0x00000054                __trampolines_start = .
 *(.trampolines)
 .trampolines   0x00000054        0x0 linker stubs
 *(.trampolines*)
                0x00000054                __trampolines_end = .
 *libprintf_flt.a:*(.progmem.data)
 *libc.a:*(.progmem.data)
 *(.progmem*)
                0x00000054                . = ALIGN (0x2)
 *(.jumptables)
 *(.jumptables*)
 *(.lowtext)
 *(.lowtext*)
                0x00000054                __ctors_start = .
 *(.ctors)
                0x00000054                __ctors_end = .
                0x00000054                __dtors_start = .
 *(.dtors)
                0x00000054                __dtors_end = .
 SORT(*)(.ctors)
 SORT(*)(.dtors)
 *(.init0)
 .init0         0x00000054        0x0 C:/Program Files (x86)/Atmel/Studio/7.0/Packs/atmel/ATmega_DFP/1.6.364/gcc/dev/atmega32/avr5/crtatmega32.o
                0x00000054                __init
 *(.init0)
 *(.init1)
 *(.init1)
 *(.init2)
 .init2         0x00000054        0xc C:/Program Files (x86)/Atmel/Studio/7.0/Packs/atmel/ATmega_DFP/1.6.364/gcc/dev/atmega32/avr5/crtatmega32.o
 *(.init2)
 *(.init3)
 *(.init3)
 *(.init4)
 .init4         0x00000060       0x16 c:/program files (x86)/atmel/studio/7.0/toolchain/avr8/avr8-gnu-toolchain/bin/../lib/gcc/avr/5.4.0/avr5\libgcc.a(_copy_data.o)
                0x00000060                __do_copy_data
 .init4         0x00000076       0x10 c:/program files (x86)/atmel/studio/7.0/toolchain/avr8/avr8-gnu-toolchain/bin/../lib/gcc/avr/5.4.0/avr5\libgcc.a(_clear_bss.o)
                0x00000076                __do_clear_bss
 *(.init4)
 *(.init5)
 *(.init5)
 *(.init6)
 *(.init6)
 *(.init7)
 *(.init7)
 *(.init8)
 *(.init8)
 *(.init9)
 .init9         0x00000086        0x8 C:/Program Files (x86)/Atmel/Studio/7.0/Packs/atmel/ATmega_DFP/1.6.364/gcc/dev/atmega32/avr5/crtatmega32.o
 *(.init9)
 *(.text)
 .text          0x0000008e        0x4 C:/Program Files (x86)/Atmel/Studio/7.0/Packs/atmel/ATmega_DFP/1.6.364/gcc/dev/atmega32/avr5/crtatmega32.o
                0x0000008e                __vector_12
                0x0000008e                __bad_interrupt
                0x0000008e                __vector_6
                0x0000008e                __vector_11
                0x0000008e                __vector_13
                0x0000008e                __vector_17
                0x0000008e                __vector_19
                0x0000008e                __vector_5
                0x0000008e                __vector_4
                0x0000008e                __vector_9
                0x0000008e                __vector_15
                0x0000008e                __vector_8
                0x0000008e                __vector_14
                0x0000008e                __vector_10
                0x0000008e                __vector_16
                0x0000008e                __vector_18
                0x0000008e                __vector_20
                0x00000092                . = ALIGN (0x2)
 *(.text.*)
 .text.DIO_VoidSetPinDirection
                0x00000092      0x112 DIO_PROG.o
                0x00000092                DIO_VoidSetPinDirection
 .text.DIO_VoidSetPinValue
                0x000001a4      0x112 DIO_PROG.o
                0x000001a4                DIO_VoidSetPinValue
 .text.DIO_VoidSetHigh4BitDirection
                0x000002b6       0x4e DIO_PROG.o
                0x000002b6                DIO_VoidSetHigh4BitDirection
 .text.DIO_VoidSetHigh4BitValue
                0x00000304       0x4e DIO_PROG.o
                0x00000304                DIO_VoidSetHigh4BitValue
 .text.pvPortMalloc
                0x00000352       0x74 heap_1.o
                0x00000352                pvPortMalloc
 .text.vPortFree
                0x000003c6        0x2 heap_1.o
                0x000003c6                vPortFree
 .text.Interrupt_VoidInterruptActivate
                0x000003c8       0xcc Interrupt_PROGc.o
                0x000003c8                Interrupt_VoidInterruptActivate
 .text.Interrupt_SetCallBackFunction
                0x00000494       0x26 Interrupt_PROGc.o
                0x00000494                Interrupt_SetCallBackFunction
 .text.__vector_1
                0x000004ba       0x4e Interrupt_PROGc.o
                0x000004ba                __vector_1
 .text.__vector_2
                0x00000508       0x4e Interrupt_PROGc.o
                0x00000508                __vector_2
 .text.__vector_3
                0x00000556       0x4e Interrupt_PROGc.o
                0x00000556                __vector_3
 .text.LCD_Void_4BitSendCommand
                0x000005a4       0x88 LCD_PROG.o
                0x000005a4                LCD_Void_4BitSendCommand
 .text.LCD_Void_4BitInit
                0x0000062c       0x98 LCD_PROG.o
                0x0000062c                LCD_Void_4BitInit
 .text.LCD_Void_4BitSendChar
                0x000006c4       0x74 LCD_PROG.o
                0x000006c4                LCD_Void_4BitSendChar
 .text.LCD_Void_4BitSendString
                0x00000738       0x26 LCD_PROG.o
                0x00000738                LCD_Void_4BitSendString
 .text.vListInitialise
                0x0000075e       0x1c list.o
                0x0000075e                vListInitialise
 .text.vListInitialiseItem
                0x0000077a        0x8 list.o
                0x0000077a                vListInitialiseItem
 .text.vListInsertEnd
                0x00000782       0x42 list.o
                0x00000782                vListInsertEnd
 .text.vListInsert
                0x000007c4       0x62 list.o
                0x000007c4                vListInsert
 .text.uxListRemove
                0x00000826       0x4e list.o
                0x00000826                uxListRemove
 .text.task1    0x00000874       0x36 main.o
                0x00000874                task1
 .text.INT2_CallBack
                0x000008aa       0x12 main.o
                0x000008aa                INT2_CallBack
 .text.system_init
                0x000008bc       0x2c main.o
                0x000008bc                system_init
 .text.main     0x000008e8       0x4e main.o
                0x000008e8                main
 .text.prvSetupTimerInterrupt
                0x00000936       0x12 port.o
 .text.pxPortInitialiseStack
                0x00000948       0xd8 port.o
                0x00000948                pxPortInitialiseStack
 .text.xPortStartScheduler
                0x00000a20       0x5e port.o
                0x00000a20                xPortStartScheduler
 .text.vPortYield
                0x00000a7e       0xb2 port.o
                0x00000a7e                vPortYield
 .text.vPortYieldFromTick
                0x00000b30       0xb8 port.o
                0x00000b30                vPortYieldFromTick
 .text.__vector_7
                0x00000be8        0x6 port.o
                0x00000be8                __vector_7
 .text.prvIsQueueEmpty
                0x00000bee       0x1a queue.o
 .text.prvUnlockQueue
                0x00000c08       0x68 queue.o
 .text.xQueueGenericReset
                0x00000c70       0x8c queue.o
                0x00000c70                xQueueGenericReset
 .text.prvInitialiseNewQueue
                0x00000cfc       0x26 queue.o
 .text.xQueueGenericCreate
                0x00000d22       0x4a queue.o
                0x00000d22                xQueueGenericCreate
 .text.xQueueGiveFromISR
                0x00000d6c       0x52 queue.o
                0x00000d6c                xQueueGiveFromISR
 .text.xQueueSemaphoreTake
                0x00000dbe      0x106 queue.o
                0x00000dbe                xQueueSemaphoreTake
 .text.prvResetNextTaskUnblockTime
                0x00000ec4       0x38 tasks.o
 .text.prvDeleteTCB
                0x00000efc       0x1a tasks.o
 .text.prvInitialiseNewTask
                0x00000f16       0xfa tasks.o
 .text.prvInitialiseTaskLists
                0x00001010       0x66 tasks.o
 .text.prvAddNewTaskToReadyList
                0x00001076       0xb8 tasks.o
 .text.prvCheckTasksWaitingTermination
                0x0000112e       0x4c tasks.o
 .text.prvIdleTask
                0x0000117a       0x12 tasks.o
 .text.prvAddCurrentTaskToDelayedList
                0x0000118c       0x88 tasks.o
 .text.xTaskCreate
                0x00001214       0xa8 tasks.o
                0x00001214                xTaskCreate
 .text.vTaskStartScheduler
                0x000012bc       0x58 tasks.o
                0x000012bc                vTaskStartScheduler
 .text.vTaskSuspendAll
                0x00001314        0xc tasks.o
                0x00001314                vTaskSuspendAll
 .text.xTaskIncrementTick
                0x00001320      0x17c tasks.o
                0x00001320                xTaskIncrementTick
 .text.xTaskResumeAll
                0x0000149c       0xec tasks.o
                0x0000149c                xTaskResumeAll
 .text.vTaskSwitchContext
                0x00001588       0xa8 tasks.o
                0x00001588                vTaskSwitchContext
 .text.vTaskPlaceOnEventList
                0x00001630       0x24 tasks.o
                0x00001630                vTaskPlaceOnEventList
 .text.xTaskRemoveFromEventList
                0x00001654       0x90 tasks.o
                0x00001654                xTaskRemoveFromEventList
 .text.vTaskInternalSetTimeOutState
                0x000016e4       0x16 tasks.o
                0x000016e4                vTaskInternalSetTimeOutState
 .text.xTaskCheckForTimeOut
                0x000016fa       0x64 tasks.o
                0x000016fa                xTaskCheckForTimeOut
 .text.vTaskMissedYield
                0x0000175e        0x8 tasks.o
                0x0000175e                vTaskMissedYield
                0x00001766                . = ALIGN (0x2)
 *(.fini9)
 .fini9         0x00001766        0x0 c:/program files (x86)/atmel/studio/7.0/toolchain/avr8/avr8-gnu-toolchain/bin/../lib/gcc/avr/5.4.0/avr5\libgcc.a(_exit.o)
                0x00001766                _exit
                0x00001766                exit
 *(.fini9)
 *(.fini8)
 *(.fini8)
 *(.fini7)
 *(.fini7)
 *(.fini6)
 *(.fini6)
 *(.fini5)
 *(.fini5)
 *(.fini4)
 *(.fini4)
 *(.fini3)
 *(.fini3)
 *(.fini2)
 *(.fini2)
 *(.fini1)
 *(.fini1)
 *(.fini0)
 .fini0         0x00001766        0x4 c:/program files (x86)/atmel/studio/7.0/toolchain/avr8/avr8-gnu-toolchain/bin/../lib/gcc/avr/5.4.0/avr5\libgcc.a(_exit.o)
 *(.fini0)
                0x0000176a                _etext = .

.data           0x00800060       0x1c load address 0x0000176a
                0x00800060                PROVIDE (__data_start, .)
 *(.data)
 *(.data*)
 .data.uxTopUsedPriority
                0x00800060        0x1 tasks.o
                0x00800060                uxTopUsedPriority
 *(.gnu.linkonce.d*)
 *(.rodata)
 *(.rodata*)
 .rodata.str1.1
                0x00800061       0x15 main.o
 .rodata.str1.1
                0x00800076        0x5 tasks.o
 *(.gnu.linkonce.r*)
                0x0080007c                . = ALIGN (0x2)
 *fill*         0x0080007b        0x1 
                0x0080007c                _edata = .
                0x0080007c                PROVIDE (__data_end, .)

.bss            0x0080007c      0x652
                0x0080007c                PROVIDE (__bss_start, .)
 *(.bss)
 *(.bss*)
 .bss.pucAlignedHeap.2101
                0x0080007c        0x2 heap_1.o
 .bss.xNextFreeByte
                0x0080007e        0x2 heap_1.o
 .bss.ucHeap    0x00800080      0x5dc heap_1.o
 .bss.INIT_step_finished
                0x0080065c        0x1 LCD_PROG.o
 .bss.LCD_SEM   0x0080065d        0x2 main.o
                0x0080065d                LCD_SEM
 .bss.task1_handle
                0x0080065f        0x2 main.o
                0x0080065f                task1_handle
 .bss.uxSchedulerSuspended
                0x00800661        0x1 tasks.o
 .bss.xIdleTaskHandle
                0x00800662        0x2 tasks.o
 .bss.xNextTaskUnblockTime
                0x00800664        0x2 tasks.o
 .bss.uxTaskNumber
                0x00800666        0x1 tasks.o
 .bss.xNumOfOverflows
                0x00800667        0x1 tasks.o
 .bss.xYieldPending
                0x00800668        0x1 tasks.o
 .bss.xPendedTicks
                0x00800669        0x2 tasks.o
 .bss.xSchedulerRunning
                0x0080066b        0x1 tasks.o
 .bss.uxTopReadyPriority
                0x0080066c        0x1 tasks.o
 .bss.xTickCount
                0x0080066d        0x2 tasks.o
 .bss.uxCurrentNumberOfTasks
                0x0080066f        0x1 tasks.o
 .bss.uxDeletedTasksWaitingCleanUp
                0x00800670        0x1 tasks.o
 .bss.xTasksWaitingTermination
                0x00800671        0x9 tasks.o
 .bss.xPendingReadyList
                0x0080067a        0x9 tasks.o
 .bss.pxOverflowDelayedTaskList
                0x00800683        0x2 tasks.o
 .bss.pxDelayedTaskList
                0x00800685        0x2 tasks.o
 .bss.xDelayedTaskList2
                0x00800687        0x9 tasks.o
 .bss.xDelayedTaskList1
                0x00800690        0x9 tasks.o
 .bss.pxReadyTasksLists
                0x00800699       0x2d tasks.o
 .bss.pxCurrentTCB
                0x008006c6        0x2 tasks.o
                0x008006c6                pxCurrentTCB
 *(COMMON)
 COMMON         0x008006c8        0x6 Interrupt_PROGc.o
                0x008006c8                INT0_ptr
                0x008006ca                INT2_ptr
                0x008006cc                INT1_ptr
                0x008006ce                PROVIDE (__bss_end, .)
                0x0000176a                __data_load_start = LOADADDR (.data)
                0x00001786                __data_load_end = (__data_load_start + SIZEOF (.data))

.noinit         0x008006ce        0x0
                [!provide]                PROVIDE (__noinit_start, .)
 *(.noinit*)
                [!provide]                PROVIDE (__noinit_end, .)
                0x008006ce                _end = .
                [!provide]                PROVIDE (__heap_start, .)

.eeprom         0x00810000        0x0
 *(.eeprom*)
                0x00810000                __eeprom_end = .

.fuse
 *(.fuse)
 *(.lfuse)
 *(.hfuse)
 *(.efuse)

.lock
 *(.lock*)

.signature
 *(.signature*)

.user_signatures
 *(.user_signatures*)

.stab
 *(.stab)

.stabstr
 *(.stabstr)

.stab.excl
 *(.stab.excl)

.stab.exclstr
 *(.stab.exclstr)

.stab.index
 *(.stab.index)

.stab.indexstr
 *(.stab.indexstr)

.comment        0x00000000       0x30
 *(.comment)
 .comment       0x00000000       0x30 DIO_PROG.o
                                 0x31 (size before relaxing)
 .comment       0x00000030       0x31 heap_1.o
 .comment       0x00000030       0x31 Interrupt_PROGc.o
 .comment       0x00000030       0x31 LCD_PROG.o
 .comment       0x00000030       0x31 list.o
 .comment       0x00000030       0x31 main.o
 .comment       0x00000030       0x31 port.o
 .comment       0x00000030       0x31 queue.o
 .comment       0x00000030       0x31 tasks.o

.note.gnu.avr.deviceinfo
                0x00000000       0x3c
 .note.gnu.avr.deviceinfo
                0x00000000       0x3c C:/Program Files (x86)/Atmel/Studio/7.0/Packs/atmel/ATmega_DFP/1.6.364/gcc/dev/atmega32/avr5/crtatmega32.o

.note.gnu.build-id
 *(.note.gnu.build-id)

.debug
 *(.debug)

.line
 *(.line)

.debug_srcinfo
 *(.debug_srcinfo)

.debug_sfnames
 *(.debug_sfnames)

.debug_aranges  0x00000000      0x450
 *(.debug_aranges)
 .debug_aranges
                0x00000000       0x70 DIO_PROG.o
 .debug_aranges
                0x00000070       0x38 heap_1.o
 .debug_aranges
                0x000000a8       0x40 Interrupt_PROGc.o
 .debug_aranges
                0x000000e8       0x68 LCD_PROG.o
 .debug_aranges
                0x00000150       0x40 list.o
 .debug_aranges
                0x00000190       0x38 main.o
 .debug_aranges
                0x000001c8       0x50 port.o
 .debug_aranges
                0x00000218       0xe8 queue.o
 .debug_aranges
                0x00000300      0x150 tasks.o

.debug_pubnames
 *(.debug_pubnames)

.debug_info     0x00000000     0x5346
 *(.debug_info .gnu.linkonce.wi.*)
 .debug_info    0x00000000      0x4e6 C:/Program Files (x86)/Atmel/Studio/7.0/Packs/atmel/ATmega_DFP/1.6.364/gcc/dev/atmega32/avr5/crtatmega32.o
 .debug_info    0x000004e6      0x431 DIO_PROG.o
 .debug_info    0x00000917      0x1a4 heap_1.o
 .debug_info    0x00000abb      0x1b7 Interrupt_PROGc.o
 .debug_info    0x00000c72      0xbf2 LCD_PROG.o
 .debug_info    0x00001864      0x2d8 list.o
 .debug_info    0x00001b3c      0x510 main.o
 .debug_info    0x0000204c      0x24e port.o
 .debug_info    0x0000229a     0x176f queue.o
 .debug_info    0x00003a09     0x193d tasks.o

.debug_abbrev   0x00000000     0x123d
 *(.debug_abbrev)
 .debug_abbrev  0x00000000      0x4a3 C:/Program Files (x86)/Atmel/Studio/7.0/Packs/atmel/ATmega_DFP/1.6.364/gcc/dev/atmega32/avr5/crtatmega32.o
 .debug_abbrev  0x000004a3      0x121 DIO_PROG.o
 .debug_abbrev  0x000005c4      0x11c heap_1.o
 .debug_abbrev  0x000006e0       0xc2 Interrupt_PROGc.o
 .debug_abbrev  0x000007a2      0x1b5 LCD_PROG.o
 .debug_abbrev  0x00000957       0xff list.o
 .debug_abbrev  0x00000a56      0x1e9 main.o
 .debug_abbrev  0x00000c3f      0x143 port.o
 .debug_abbrev  0x00000d82      0x227 queue.o
 .debug_abbrev  0x00000fa9      0x294 tasks.o

.debug_line     0x00000000     0x2f0a
 *(.debug_line .debug_line.* .debug_line_end)
 .debug_line    0x00000000      0x116 C:/Program Files (x86)/Atmel/Studio/7.0/Packs/atmel/ATmega_DFP/1.6.364/gcc/dev/atmega32/avr5/crtatmega32.o
 .debug_line    0x00000116      0x50d DIO_PROG.o
 .debug_line    0x00000623      0x1ad heap_1.o
 .debug_line    0x000007d0      0x1b2 Interrupt_PROGc.o
 .debug_line    0x00000982      0x4a5 LCD_PROG.o
 .debug_line    0x00000e27      0x1d0 list.o
 .debug_line    0x00000ff7      0x226 main.o
 .debug_line    0x0000121d      0x29d port.o
 .debug_line    0x000014ba      0xbef queue.o
 .debug_line    0x000020a9      0xe61 tasks.o

.debug_frame    0x00000000      0xe38
 *(.debug_frame)
 .debug_frame   0x00000000       0xc4 DIO_PROG.o
 .debug_frame   0x000000c4       0x60 heap_1.o
 .debug_frame   0x00000124      0x13c Interrupt_PROGc.o
 .debug_frame   0x00000260      0x1b4 LCD_PROG.o
 .debug_frame   0x00000414       0x88 list.o
 .debug_frame   0x0000049c       0x64 main.o
 .debug_frame   0x00000500       0x84 port.o
 .debug_frame   0x00000584      0x374 queue.o
 .debug_frame   0x000008f8      0x540 tasks.o

.debug_str      0x00000000     0x17d1
 *(.debug_str)
 .debug_str     0x00000000      0x196 C:/Program Files (x86)/Atmel/Studio/7.0/Packs/atmel/ATmega_DFP/1.6.364/gcc/dev/atmega32/avr5/crtatmega32.o
 .debug_str     0x00000196      0x2f6 DIO_PROG.o
                                0x334 (size before relaxing)
 .debug_str     0x0000048c       0xc9 heap_1.o
                                0x260 (size before relaxing)
 .debug_str     0x00000555       0xf7 Interrupt_PROGc.o
                                0x2bf (size before relaxing)
 .debug_str     0x0000064c      0x177 LCD_PROG.o
                                0x412 (size before relaxing)
 .debug_str     0x000007c3      0x149 list.o
                                0x2ef (size before relaxing)
 .debug_str     0x0000090c      0x147 main.o
                                0x4b5 (size before relaxing)
 .debug_str     0x00000a53      0x109 port.o
                                0x2e8 (size before relaxing)
 .debug_str     0x00000b5c      0x4ee queue.o
                                0x85c (size before relaxing)
 .debug_str     0x0000104a      0x787 tasks.o
                                0xc71 (size before relaxing)

.debug_loc      0x00000000     0x5c94
 *(.debug_loc)
 .debug_loc     0x00000000      0xdf0 DIO_PROG.o
 .debug_loc     0x00000df0      0x10f heap_1.o
 .debug_loc     0x00000eff      0x282 Interrupt_PROGc.o
 .debug_loc     0x00001181      0xbe8 LCD_PROG.o
 .debug_loc     0x00001d69      0x145 list.o
 .debug_loc     0x00001eae       0xab main.o
 .debug_loc     0x00001f59      0x2a0 port.o
 .debug_loc     0x000021f9     0x1dc2 queue.o
 .debug_loc     0x00003fbb     0x1cd9 tasks.o

.debug_macinfo
 *(.debug_macinfo)

.debug_weaknames
 *(.debug_weaknames)

.debug_funcnames
 *(.debug_funcnames)

.debug_typenames
 *(.debug_typenames)

.debug_varnames
 *(.debug_varnames)

.debug_pubtypes
 *(.debug_pubtypes)

.debug_ranges   0x00000000      0x508
 *(.debug_ranges)
 .debug_ranges  0x00000000      0x120 DIO_PROG.o
 .debug_ranges  0x00000120       0x28 heap_1.o
 .debug_ranges  0x00000148       0x30 Interrupt_PROGc.o
 .debug_ranges  0x00000178       0x58 LCD_PROG.o
 .debug_ranges  0x000001d0       0x30 list.o
 .debug_ranges  0x00000200       0x28 main.o
 .debug_ranges  0x00000228       0x40 port.o
 .debug_ranges  0x00000268      0x120 queue.o
 .debug_ranges  0x00000388      0x180 tasks.o

.debug_macro
 *(.debug_macro)
OUTPUT(FreeRTOS LAB2 Task Semaphore Syncronization.elf elf32-avr)
LOAD linker stubs
