EXTI_program.c:16:6:MEXTI_voidInit	4	static
EXTI_program.c:37:6:MEXTI_voidEnableEXTI	16	static
EXTI_program.c:43:6:MEXTI_voidDisableEXTI	16	static
EXTI_program.c:49:6:MEXTI_voidSWTrigger	16	static
EXTI_program.c:56:6:MEXTI_voidSetSignalLatch	16	static
EXTI_program.c:82:6:MEXTI_voidSetCallBack	16	static
EXTI_program.c:88:6:EXTI0_IRQHandler	8	static
EXTI_program.c:95:6:EXTI1_IRQHandler	8	static
EXTI_program.c:102:6:EXTI2_IRQHandler	8	static
EXTI_program.c:109:6:EXTI3_IRQHandler	8	static
EXTI_program.c:116:6:EXTI4_IRQHandler	8	static
EXTI_program.c:123:6:EXTI5_IRQHandler	8	static
EXTI_program.c:130:6:EXTI6_IRQHandler	8	static
EXTI_program.c:137:6:EXTI7_IRQHandler	8	static
EXTI_program.c:144:6:EXTI8_IRQHandler	8	static
EXTI_program.c:151:6:EXTI9_IRQHandler	8	static
EXTI_program.c:158:6:EXTI10_IRQHandler	8	static
EXTI_program.c:165:6:EXTI11_IRQHandler	8	static
EXTI_program.c:172:6:EXTI12_IRQHandler	8	static
EXTI_program.c:179:6:EXTI13_IRQHandler	8	static
EXTI_program.c:186:6:EXTI14_IRQHandler	8	static
EXTI_program.c:193:6:EXTI15_IRQHandler	8	static
