Archive member included to satisfy reference by file (symbol)

c:/program files (x86)/atollic/truestudio for stm32 9.3.0/armtools/bin/../lib/gcc/arm-atollic-eabi/6.3.1/../../../../arm-atollic-eabi/lib/armv7-m\libc_nano.a(lib_a-init.o)
                              src\startup_stm32f10x_md.o (__libc_init_array)
c:/program files (x86)/atollic/truestudio for stm32 9.3.0/armtools/bin/../lib/gcc/arm-atollic-eabi/6.3.1/../../../../arm-atollic-eabi/lib/armv7-m\libc_nano.a(lib_a-malloc.o)
                              src\heap_3.o (malloc)
c:/program files (x86)/atollic/truestudio for stm32 9.3.0/armtools/bin/../lib/gcc/arm-atollic-eabi/6.3.1/../../../../arm-atollic-eabi/lib/armv7-m\libc_nano.a(lib_a-memcpy-stub.o)
                              src\queue.o (memcpy)
c:/program files (x86)/atollic/truestudio for stm32 9.3.0/armtools/bin/../lib/gcc/arm-atollic-eabi/6.3.1/../../../../arm-atollic-eabi/lib/armv7-m\libc_nano.a(lib_a-memset.o)
                              src\stream_buffer.o (memset)
c:/program files (x86)/atollic/truestudio for stm32 9.3.0/armtools/bin/../lib/gcc/arm-atollic-eabi/6.3.1/../../../../arm-atollic-eabi/lib/armv7-m\libc_nano.a(lib_a-nano-freer.o)
                              c:/program files (x86)/atollic/truestudio for stm32 9.3.0/armtools/bin/../lib/gcc/arm-atollic-eabi/6.3.1/../../../../arm-atollic-eabi/lib/armv7-m\libc_nano.a(lib_a-malloc.o) (_free_r)
c:/program files (x86)/atollic/truestudio for stm32 9.3.0/armtools/bin/../lib/gcc/arm-atollic-eabi/6.3.1/../../../../arm-atollic-eabi/lib/armv7-m\libc_nano.a(lib_a-nano-mallocr.o)
                              c:/program files (x86)/atollic/truestudio for stm32 9.3.0/armtools/bin/../lib/gcc/arm-atollic-eabi/6.3.1/../../../../arm-atollic-eabi/lib/armv7-m\libc_nano.a(lib_a-malloc.o) (_malloc_r)
c:/program files (x86)/atollic/truestudio for stm32 9.3.0/armtools/bin/../lib/gcc/arm-atollic-eabi/6.3.1/../../../../arm-atollic-eabi/lib/armv7-m\libc_nano.a(lib_a-sbrkr.o)
                              c:/program files (x86)/atollic/truestudio for stm32 9.3.0/armtools/bin/../lib/gcc/arm-atollic-eabi/6.3.1/../../../../arm-atollic-eabi/lib/armv7-m\libc_nano.a(lib_a-nano-mallocr.o) (_sbrk_r)
c:/program files (x86)/atollic/truestudio for stm32 9.3.0/armtools/bin/../lib/gcc/arm-atollic-eabi/6.3.1/../../../../arm-atollic-eabi/lib/armv7-m\libc_nano.a(lib_a-strlen.o)
                              src\tiny_printf.o (strlen)
c:/program files (x86)/atollic/truestudio for stm32 9.3.0/armtools/bin/../lib/gcc/arm-atollic-eabi/6.3.1/../../../../arm-atollic-eabi/lib/armv7-m\libc_nano.a(lib_a-impure.o)
                              c:/program files (x86)/atollic/truestudio for stm32 9.3.0/armtools/bin/../lib/gcc/arm-atollic-eabi/6.3.1/../../../../arm-atollic-eabi/lib/armv7-m\libc_nano.a(lib_a-malloc.o) (_impure_ptr)
c:/program files (x86)/atollic/truestudio for stm32 9.3.0/armtools/bin/../lib/gcc/arm-atollic-eabi/6.3.1/../../../../arm-atollic-eabi/lib/armv7-m\libc_nano.a(lib_a-mlock.o)
                              c:/program files (x86)/atollic/truestudio for stm32 9.3.0/armtools/bin/../lib/gcc/arm-atollic-eabi/6.3.1/../../../../arm-atollic-eabi/lib/armv7-m\libc_nano.a(lib_a-nano-freer.o) (__malloc_lock)
c:/program files (x86)/atollic/truestudio for stm32 9.3.0/armtools/bin/../lib/gcc/arm-atollic-eabi/6.3.1/../../../../arm-atollic-eabi/lib/armv7-m\libc_nano.a(lib_a-reent.o)
                              c:/program files (x86)/atollic/truestudio for stm32 9.3.0/armtools/bin/../lib/gcc/arm-atollic-eabi/6.3.1/../../../../arm-atollic-eabi/lib/armv7-m\libc_nano.a(lib_a-sbrkr.o) (errno)
c:/program files (x86)/atollic/truestudio for stm32 9.3.0/armtools/bin/../lib/gcc/arm-atollic-eabi/6.3.1/../../../../arm-atollic-eabi/lib/armv7-m\libnosys.a(sbrk.o)
                              c:/program files (x86)/atollic/truestudio for stm32 9.3.0/armtools/bin/../lib/gcc/arm-atollic-eabi/6.3.1/../../../../arm-atollic-eabi/lib/armv7-m\libc_nano.a(lib_a-sbrkr.o) (_sbrk)
c:/program files (x86)/atollic/truestudio for stm32 9.3.0/armtools/bin/../lib/gcc/arm-atollic-eabi/6.3.1/../../../../arm-atollic-eabi/lib/armv7-m\libnosys.a(write.o)
                              src\tiny_printf.o (_write)

Allocating common symbols
Common symbol       size              file

errno               0x4               c:/program files (x86)/atollic/truestudio for stm32 9.3.0/armtools/bin/../lib/gcc/arm-atollic-eabi/6.3.1/../../../../arm-atollic-eabi/lib/armv7-m\libc_nano.a(lib_a-reent.o)

Discarded input sections

 .text          0x00000000        0x0 c:/program files (x86)/atollic/truestudio for stm32 9.3.0/armtools/bin/../lib/gcc/arm-atollic-eabi/6.3.1/armv7-m/crti.o
 .data          0x00000000        0x0 c:/program files (x86)/atollic/truestudio for stm32 9.3.0/armtools/bin/../lib/gcc/arm-atollic-eabi/6.3.1/armv7-m/crti.o
 .bss           0x00000000        0x0 c:/program files (x86)/atollic/truestudio for stm32 9.3.0/armtools/bin/../lib/gcc/arm-atollic-eabi/6.3.1/armv7-m/crti.o
[...]
Memory Configuration

Name             Origin             Length             Attributes
FLASH            0x08000000         0x00010000         xr
RAM              0x20000000         0x00005000         xrw
MEMORY_B1        0x60000000         0x00000000         xr
*default*        0x00000000         0xffffffff

Linker script and memory map

LOAD c:/program files (x86)/atollic/truestudio for stm32 9.3.0/armtools/bin/../lib/gcc/arm-atollic-eabi/6.3.1/armv7-m/crti.o
LOAD c:/program files (x86)/atollic/truestudio for stm32 9.3.0/armtools/bin/../lib/gcc/arm-atollic-eabi/6.3.1/armv7-m/crtbegin.o
LOAD Libraries\STM32F10x_StdPeriph_Driver\src\misc.o
LOAD Libraries\STM32F10x_StdPeriph_Driver\src\stm32f10x_adc.o
LOAD Libraries\STM32F10x_StdPeriph_Driver\src\stm32f10x_bkp.o
LOAD Libraries\STM32F10x_StdPeriph_Driver\src\stm32f10x_can.o
LOAD Libraries\STM32F10x_StdPeriph_Driver\src\stm32f10x_cec.o
LOAD Libraries\STM32F10x_StdPeriph_Driver\src\stm32f10x_crc.o
LOAD Libraries\STM32F10x_StdPeriph_Driver\src\stm32f10x_dac.o
LOAD Libraries\STM32F10x_StdPeriph_Driver\src\stm32f10x_dbgmcu.o
LOAD Libraries\STM32F10x_StdPeriph_Driver\src\stm32f10x_dma.o
LOAD Libraries\STM32F10x_StdPeriph_Driver\src\stm32f10x_exti.o
LOAD Libraries\STM32F10x_StdPeriph_Driver\src\stm32f10x_flash.o
LOAD Libraries\STM32F10x_StdPeriph_Driver\src\stm32f10x_fsmc.o
LOAD Libraries\STM32F10x_StdPeriph_Driver\src\stm32f10x_gpio.o
LOAD Libraries\STM32F10x_StdPeriph_Driver\src\stm32f10x_i2c.o
LOAD Libraries\STM32F10x_StdPeriph_Driver\src\stm32f10x_iwdg.o
LOAD Libraries\STM32F10x_StdPeriph_Driver\src\stm32f10x_pwr.o
LOAD Libraries\STM32F10x_StdPeriph_Driver\src\stm32f10x_rcc.o
LOAD Libraries\STM32F10x_StdPeriph_Driver\src\stm32f10x_rtc.o
LOAD Libraries\STM32F10x_StdPeriph_Driver\src\stm32f10x_sdio.o
LOAD Libraries\STM32F10x_StdPeriph_Driver\src\stm32f10x_spi.o
LOAD Libraries\STM32F10x_StdPeriph_Driver\src\stm32f10x_tim.o
LOAD Libraries\STM32F10x_StdPeriph_Driver\src\stm32f10x_usart.o
LOAD Libraries\STM32F10x_StdPeriph_Driver\src\stm32f10x_wwdg.o
LOAD src\DIO_program.o
LOAD src\EXTI_program.o
LOAD src\NVIC_program.o
LOAD src\RCC_program.o
LOAD src\SEVSEG_program.o
LOAD src\croutine.o
LOAD src\event_groups.o
LOAD src\heap_3.o
LOAD src\list.o
LOAD src\main.o
LOAD src\port.o
LOAD src\queue.o
LOAD src\startup_stm32f10x_md.o
LOAD src\stm32f1xx_it.o
LOAD src\stream_buffer.o
LOAD src\system_stm32f10x.o
LOAD src\tasks.o
LOAD src\timers.o
LOAD src\tiny_printf.o
                0x00000080                malloc_getpagesize_P = 0x80
START GROUP
LOAD c:/program files (x86)/atollic/truestudio for stm32 9.3.0/armtools/bin/../lib/gcc/arm-atollic-eabi/6.3.1/../../../../arm-atollic-eabi/lib/armv7-m\libc_nano.a
LOAD c:/program files (x86)/atollic/truestudio for stm32 9.3.0/armtools/bin/../lib/gcc/arm-atollic-eabi/6.3.1/../../../../arm-atollic-eabi/lib/armv7-m\libm.a
END GROUP
START GROUP
LOAD c:/program files (x86)/atollic/truestudio for stm32 9.3.0/armtools/bin/../lib/gcc/arm-atollic-eabi/6.3.1/armv7-m\libgcc.a
LOAD c:/program files (x86)/atollic/truestudio for stm32 9.3.0/armtools/bin/../lib/gcc/arm-atollic-eabi/6.3.1/../../../../arm-atollic-eabi/lib/armv7-m\libc_nano.a
END GROUP
START GROUP
LOAD c:/program files (x86)/atollic/truestudio for stm32 9.3.0/armtools/bin/../lib/gcc/arm-atollic-eabi/6.3.1/armv7-m\libgcc.a
LOAD c:/program files (x86)/atollic/truestudio for stm32 9.3.0/armtools/bin/../lib/gcc/arm-atollic-eabi/6.3.1/../../../../arm-atollic-eabi/lib/armv7-m\libc_nano.a
LOAD c:/program files (x86)/atollic/truestudio for stm32 9.3.0/armtools/bin/../lib/gcc/arm-atollic-eabi/6.3.1/../../../../arm-atollic-eabi/lib/armv7-m\libnosys.a
END GROUP
START GROUP
LOAD c:/program files (x86)/atollic/truestudio for stm32 9.3.0/armtools/bin/../lib/gcc/arm-atollic-eabi/6.3.1/armv7-m\libgcc.a
LOAD c:/program files (x86)/atollic/truestudio for stm32 9.3.0/armtools/bin/../lib/gcc/arm-atollic-eabi/6.3.1/../../../../arm-atollic-eabi/lib/armv7-m\libc_nano.a
LOAD c:/program files (x86)/atollic/truestudio for stm32 9.3.0/armtools/bin/../lib/gcc/arm-atollic-eabi/6.3.1/../../../../arm-atollic-eabi/lib/armv7-m\libnosys.a
END GROUP
LOAD c:/program files (x86)/atollic/truestudio for stm32 9.3.0/armtools/bin/../lib/gcc/arm-atollic-eabi/6.3.1/armv7-m/crtend.o
LOAD c:/program files (x86)/atollic/truestudio for stm32 9.3.0/armtools/bin/../lib/gcc/arm-atollic-eabi/6.3.1/armv7-m/crtn.o
                0x20005000                _estack = 0x20005000
                0x00000000                _Min_Heap_Size = 0x0
                0x00000100                _Min_Stack_Size = 0x100

.isr_vector     0x08000000      0x10c
                0x08000000                . = ALIGN (0x4)
 *(.isr_vector)
 .isr_vector    0x08000000      0x10c src\startup_stm32f10x_md.o
                0x08000000                g_pfnVectors
                0x0800010c                . = ALIGN (0x4)

.text           0x08000110     0x3530
                0x08000110                . = ALIGN (0x4)
 *(.text)
 .text          0x08000110       0x40 c:/program files (x86)/atollic/truestudio for stm32 9.3.0/armtools/bin/../lib/gcc/arm-atollic-eabi/6.3.1/armv7-m/crtbegin.o
 *(.text*)
 .text.MGPIO_voidSetPinDirection
                0x08000150      0x184 src\DIO_program.o
                0x08000150                MGPIO_voidSetPinDirection
 .text.MGPIO_voidSetPinValue
                0x080002d4       0xbc src\DIO_program.o
                0x080002d4                MGPIO_voidSetPinValue
 .text.MGPIO_voidSetPullResistor
                0x08000390       0xc4 src\DIO_program.o
                0x08000390                MGPIO_voidSetPullResistor
 .text.MEXTI_voidInit
                0x08000454       0x28 src\EXTI_program.o
                0x08000454                MEXTI_voidInit
 .text.MEXTI_voidEnableEXTI
                0x0800047c       0x2c src\EXTI_program.o
                0x0800047c                MEXTI_voidEnableEXTI
 .text.MEXTI_voidSetSignalLatch
                0x080004a8       0x90 src\EXTI_program.o
                0x080004a8                MEXTI_voidSetSignalLatch
 .text.MEXTI_voidSetCallBack
                0x08000538       0x24 src\EXTI_program.o
                0x08000538                MEXTI_voidSetCallBack
 .text.EXTI0_IRQHandler
                0x0800055c       0x24 src\EXTI_program.o
                0x0800055c                EXTI0_IRQHandler
 .text.EXTI1_IRQHandler
                0x08000580       0x24 src\EXTI_program.o
                0x08000580                EXTI1_IRQHandler
 .text.EXTI2_IRQHandler
                0x080005a4       0x24 src\EXTI_program.o
                0x080005a4                EXTI2_IRQHandler
 .text.EXTI3_IRQHandler
                0x080005c8       0x24 src\EXTI_program.o
                0x080005c8                EXTI3_IRQHandler
 .text.EXTI4_IRQHandler
                0x080005ec       0x24 src\EXTI_program.o
                0x080005ec                EXTI4_IRQHandler
 .text.MNVIC_voidEnableInterrupt
                0x08000610       0x48 src\NVIC_program.o
                0x08000610                MNVIC_voidEnableInterrupt
 .text.MNVIC_voidSetPriority
                0x08000658       0x68 src\NVIC_program.o
                0x08000658                MNVIC_voidSetPriority
 .text.MRCC_voidInitSysClock
                0x080006c0       0x30 src\RCC_program.o
                0x080006c0                MRCC_voidInitSysClock
 .text.MRCC_voidEnableClock
                0x080006f0       0x78 src\RCC_program.o
                0x080006f0                MRCC_voidEnableClock
 .text.SEVSEG_voidInit
                0x08000768       0x94 src\SEVSEG_program.o
                0x08000768                SEVSEG_voidInit
 .text.SEVSEG1_voidDisplay
                0x080007fc       0xb0 src\SEVSEG_program.o
                0x080007fc                SEVSEG1_voidDisplay
 .text.SEVSEG2_voidDisplay
                0x080008ac       0xb0 src\SEVSEG_program.o
                0x080008ac                SEVSEG2_voidDisplay
 .text.pvPortMalloc
                0x0800095c       0x24 src\heap_3.o
                0x0800095c                pvPortMalloc
 .text.vPortFree
                0x08000980       0x24 src\heap_3.o
                0x08000980                vPortFree
 .text.vListInitialise
                0x080009a4       0x3e src\list.o
                0x080009a4                vListInitialise
 .text.vListInitialiseItem
                0x080009e2       0x18 src\list.o
                0x080009e2                vListInitialiseItem
 .text.vListInsertEnd
                0x080009fa       0x46 src\list.o
                0x080009fa                vListInsertEnd
 .text.vListInsert
                0x08000a40       0x70 src\list.o
                0x08000a40                vListInsert
 .text.uxListRemove
                0x08000ab0       0x52 src\list.o
                0x08000ab0                uxListRemove
 *fill*         0x08000b02        0x2 
 .text.main     0x08000b04       0x84 src\main.o
                0x08000b04                main
 .text.system_init
                0x08000b88       0x60 src\main.o
                0x08000b88                system_init
 .text.task1    0x08000be8       0x6c src\main.o
                0x08000be8                task1
 .text.task2    0x08000c54       0x3c src\main.o
                0x08000c54                task2
 .text.EXTI_callback
                0x08000c90       0x24 src\main.o
                0x08000c90                EXTI_callback
 .text.pxPortInitialiseStack
                0x08000cb4       0x58 src\port.o
                0x08000cb4                pxPortInitialiseStack
 .text.prvTaskExitError
                0x08000d0c       0x50 src\port.o
 *fill*         0x08000d5c        0x4 
 .text.SVC_Handler
                0x08000d60       0x28 src\port.o
                0x08000d60                SVC_Handler
 .text.prvPortStartFirstTask
                0x08000d88       0x24 src\port.o
 .text.xPortStartScheduler
                0x08000dac       0xe0 src\port.o
                0x08000dac                xPortStartScheduler
 .text.vPortEnterCritical
                0x08000e8c       0x5c src\port.o
                0x08000e8c                vPortEnterCritical
 .text.vPortExitCritical
                0x08000ee8       0x4c src\port.o
                0x08000ee8                vPortExitCritical
 *fill*         0x08000f34        0xc 
 .text.PendSV_Handler
                0x08000f40       0x48 src\port.o
                0x08000f40                PendSV_Handler
 .text.SysTick_Handler
                0x08000f88       0x40 src\port.o
                0x08000f88                SysTick_Handler
 .text.vPortSetupTimerInterrupt
                0x08000fc8       0x34 src\port.o
                0x08000fc8                vPortSetupTimerInterrupt
 .text.vPortValidateInterruptPriority
                0x08000ffc       0x78 src\port.o
                0x08000ffc                vPortValidateInterruptPriority
 .text.xQueueGenericReset
                0x08001074       0xd0 src\queue.o
                0x08001074                xQueueGenericReset
 .text.xQueueGenericCreate
                0x08001144       0xbc src\queue.o
                0x08001144                xQueueGenericCreate
 .text.prvInitialiseNewQueue
                0x08001200       0x3e src\queue.o
 *fill*         0x0800123e        0x2 
 .text.xQueueGenericSend
                0x08001240      0x1f4 src\queue.o
                0x08001240                xQueueGenericSend
 .text.xQueueGenericSendFromISR
                0x08001434      0x14a src\queue.o
                0x08001434                xQueueGenericSendFromISR
 .text.xQueueGiveFromISR
                0x0800157e      0x12e src\queue.o
                0x0800157e                xQueueGiveFromISR
 .text.xQueueReceive
                0x080016ac      0x1b8 src\queue.o
                0x080016ac                xQueueReceive
 .text.xQueueSemaphoreTake
                0x08001864      0x210 src\queue.o
                0x08001864                xQueueSemaphoreTake
 .text.prvGetDisinheritPriorityAfterTimeout
                0x08001a74       0x2e src\queue.o
 .text.prvCopyDataToQueue
                0x08001aa2       0xd4 src\queue.o
 .text.prvCopyDataFromQueue
                0x08001b76       0x4c src\queue.o
 .text.prvUnlockQueue
                0x08001bc2       0xa4 src\queue.o
 .text.prvIsQueueEmpty
                0x08001c66       0x2c src\queue.o
 .text.prvIsQueueFull
                0x08001c92       0x30 src\queue.o
 .text.vQueueWaitForMessageRestricted
                0x08001cc2       0x68 src\queue.o
                0x08001cc2                vQueueWaitForMessageRestricted
 *fill*         0x08001d2a        0x2 
 .text.Reset_Handler
                0x08001d2c       0x50 src\startup_stm32f10x_md.o
                0x08001d2c                Reset_Handler
 .text.Default_Handler
                0x08001d7c        0x2 src\startup_stm32f10x_md.o
                0x08001d7c                TIM1_CC_IRQHandler
                0x08001d7c                HardFault_Handler
                0x08001d7c                PVD_IRQHandler
                0x08001d7c                NMI_Handler
                0x08001d7c                I2C2_EV_IRQHandler
                0x08001d7c                ADC1_2_IRQHandler
                0x08001d7c                SPI1_IRQHandler
                0x08001d7c                TAMPER_IRQHandler
                0x08001d7c                DMA1_Channel4_IRQHandler
                0x08001d7c                USART3_IRQHandler
                0x08001d7c                RTC_IRQHandler
                0x08001d7c                DMA1_Channel7_IRQHandler
                0x08001d7c                CAN1_RX1_IRQHandler
                0x08001d7c                TIM4_IRQHandler
                0x08001d7c                I2C1_EV_IRQHandler
                0x08001d7c                DMA1_Channel6_IRQHandler
                0x08001d7c                TIM3_IRQHandler
                0x08001d7c                RCC_IRQHandler
                0x08001d7c                TIM1_TRG_COM_IRQHandler
                0x08001d7c                DMA1_Channel1_IRQHandler
                0x08001d7c                Default_Handler
                0x08001d7c                EXTI15_10_IRQHandler
                0x08001d7c                EXTI9_5_IRQHandler
                0x08001d7c                SPI2_IRQHandler
                0x08001d7c                DMA1_Channel5_IRQHandler
                0x08001d7c                USB_LP_CAN1_RX0_IRQHandler
                0x08001d7c                USB_HP_CAN1_TX_IRQHandler
                0x08001d7c                DMA1_Channel3_IRQHandler
                0x08001d7c                TIM1_UP_IRQHandler
                0x08001d7c                WWDG_IRQHandler
                0x08001d7c                TIM2_IRQHandler
                0x08001d7c                TIM1_BRK_IRQHandler
                0x08001d7c                RTCAlarm_IRQHandler
                0x08001d7c                USART2_IRQHandler
                0x08001d7c                I2C2_ER_IRQHandler
                0x08001d7c                DMA1_Channel2_IRQHandler
                0x08001d7c                CAN1_SCE_IRQHandler
                0x08001d7c                FLASH_IRQHandler
                0x08001d7c                USART1_IRQHandler
                0x08001d7c                I2C1_ER_IRQHandler
                0x08001d7c                USBWakeUp_IRQHandler
 .text.MemManage_Handler
                0x08001d7e        0x6 src\stm32f1xx_it.o
                0x08001d7e                MemManage_Handler
 .text.BusFault_Handler
                0x08001d84        0x6 src\stm32f1xx_it.o
                0x08001d84                BusFault_Handler
 .text.UsageFault_Handler
                0x08001d8a        0x6 src\stm32f1xx_it.o
                0x08001d8a                UsageFault_Handler
 .text.DebugMon_Handler
                0x08001d90        0xc src\stm32f1xx_it.o
                0x08001d90                DebugMon_Handler
 .text.SystemInit
                0x08001d9c       0x68 src\system_stm32f10x.o
                0x08001d9c                SystemInit
 .text.SetSysClock
                0x08001e04        0xc src\system_stm32f10x.o
 .text.SetSysClockTo72
                0x08001e10      0x100 src\system_stm32f10x.o
 .text.xTaskCreate
                0x08001f10       0x82 src\tasks.o
                0x08001f10                xTaskCreate
 .text.prvInitialiseNewTask
                0x08001f92      0x11a src\tasks.o
 .text.prvAddNewTaskToReadyList
                0x080020ac       0xd4 src\tasks.o
 .text.vTaskDelay
                0x08002180       0x68 src\tasks.o
                0x08002180                vTaskDelay
 .text.vTaskStartScheduler
                0x080021e8       0xa0 src\tasks.o
                0x080021e8                vTaskStartScheduler
 .text.vTaskSuspendAll
                0x08002288       0x1c src\tasks.o
                0x08002288                vTaskSuspendAll
 .text.xTaskResumeAll
                0x080022a4      0x138 src\tasks.o
                0x080022a4                xTaskResumeAll
 .text.xTaskGetTickCount
                0x080023dc       0x1c src\tasks.o
                0x080023dc                xTaskGetTickCount
 .text.xTaskIncrementTick
                0x080023f8      0x170 src\tasks.o
                0x080023f8                xTaskIncrementTick
 .text.vTaskSwitchContext
                0x08002568       0xb4 src\tasks.o
                0x08002568                vTaskSwitchContext
 .text.vTaskPlaceOnEventList
                0x0800261c       0x48 src\tasks.o
                0x0800261c                vTaskPlaceOnEventList
 .text.vTaskPlaceOnEventListRestricted
                0x08002664       0x54 src\tasks.o
                0x08002664                vTaskPlaceOnEventListRestricted
 .text.xTaskRemoveFromEventList
                0x080026b8       0xc4 src\tasks.o
                0x080026b8                xTaskRemoveFromEventList
 .text.vTaskInternalSetTimeOutState
                0x0800277c       0x2c src\tasks.o
                0x0800277c                vTaskInternalSetTimeOutState
 .text.xTaskCheckForTimeOut
                0x080027a8       0xc8 src\tasks.o
                0x080027a8                xTaskCheckForTimeOut
 .text.vTaskMissedYield
                0x08002870       0x18 src\tasks.o
                0x08002870                vTaskMissedYield
 .text.prvIdleTask
                0x08002888       0x30 src\tasks.o
 .text.prvInitialiseTaskLists
                0x080028b8       0x80 src\tasks.o
 .text.prvCheckTasksWaitingTermination
                0x08002938       0x58 src\tasks.o
 .text.prvDeleteTCB
                0x08002990       0x20 src\tasks.o
 .text.prvResetNextTaskUnblockTime
                0x080029b0       0x34 src\tasks.o
 .text.xTaskGetSchedulerState
                0x080029e4       0x3c src\tasks.o
                0x080029e4                xTaskGetSchedulerState
 .text.xTaskPriorityInherit
                0x08002a20       0xec src\tasks.o
                0x08002a20                xTaskPriorityInherit
 .text.xTaskPriorityDisinherit
                0x08002b0c       0xf0 src\tasks.o
                0x08002b0c                xTaskPriorityDisinherit
 .text.vTaskPriorityDisinheritAfterTimeout
                0x08002bfc      0x118 src\tasks.o
                0x08002bfc                vTaskPriorityDisinheritAfterTimeout
 .text.pvTaskIncrementMutexHeldCount
                0x08002d14       0x28 src\tasks.o
                0x08002d14                pvTaskIncrementMutexHeldCount
 .text.prvAddCurrentTaskToDelayedList
                0x08002d3c       0xcc src\tasks.o
 .text.xTimerCreateTimerTask
                0x08002e08       0x60 src\timers.o
                0x08002e08                xTimerCreateTimerTask
 .text.xTimerGenericCommand
                0x08002e68       0x98 src\timers.o
                0x08002e68                xTimerGenericCommand
 .text.prvProcessExpiredTimer
                0x08002f00       0x98 src\timers.o
 .text.prvTimerTask
                0x08002f98       0x24 src\timers.o
 .text.prvProcessTimerOrBlockTask
                0x08002fbc       0x9c src\timers.o
 .text.prvGetNextExpireTime
                0x08003058       0x44 src\timers.o
 .text.prvSampleTimeNow
                0x0800309c       0x40 src\timers.o
 .text.prvInsertTimerInActiveList
                0x080030dc       0x84 src\timers.o
 .text.prvProcessReceivedCommands
                0x08003160      0x188 src\timers.o
 .text.prvSwitchTimerLists
                0x080032e8       0xc8 src\timers.o
 .text.prvCheckForValidListAndQueue
                0x080033b0       0x54 src\timers.o
 .text.__libc_init_array
                0x08003404       0x48 c:/program files (x86)/atollic/truestudio for stm32 9.3.0/armtools/bin/../lib/gcc/arm-atollic-eabi/6.3.1/../../../../arm-atollic-eabi/lib/armv7-m\libc_nano.a(lib_a-init.o)
                0x08003404                __libc_init_array
 .text.malloc   0x0800344c       0x10 c:/program files (x86)/atollic/truestudio for stm32 9.3.0/armtools/bin/../lib/gcc/arm-atollic-eabi/6.3.1/../../../../arm-atollic-eabi/lib/armv7-m\libc_nano.a(lib_a-malloc.o)
                0x0800344c                malloc
 .text.free     0x0800345c       0x10 c:/program files (x86)/atollic/truestudio for stm32 9.3.0/armtools/bin/../lib/gcc/arm-atollic-eabi/6.3.1/../../../../arm-atollic-eabi/lib/armv7-m\libc_nano.a(lib_a-malloc.o)
                0x0800345c                free
 .text.memcpy   0x0800346c       0x16 c:/program files (x86)/atollic/truestudio for stm32 9.3.0/armtools/bin/../lib/gcc/arm-atollic-eabi/6.3.1/../../../../arm-atollic-eabi/lib/armv7-m\libc_nano.a(lib_a-memcpy-stub.o)
                0x0800346c                memcpy
 .text.memset   0x08003482       0x10 c:/program files (x86)/atollic/truestudio for stm32 9.3.0/armtools/bin/../lib/gcc/arm-atollic-eabi/6.3.1/../../../../arm-atollic-eabi/lib/armv7-m\libc_nano.a(lib_a-memset.o)
                0x08003482                memset
 *fill*         0x08003492        0x2 
 .text._free_r  0x08003494       0x98 c:/program files (x86)/atollic/truestudio for stm32 9.3.0/armtools/bin/../lib/gcc/arm-atollic-eabi/6.3.1/../../../../arm-atollic-eabi/lib/armv7-m\libc_nano.a(lib_a-nano-freer.o)
                0x08003494                _free_r
 .text._malloc_r
                0x0800352c       0xbc c:/program files (x86)/atollic/truestudio for stm32 9.3.0/armtools/bin/../lib/gcc/arm-atollic-eabi/6.3.1/../../../../arm-atollic-eabi/lib/armv7-m\libc_nano.a(lib_a-nano-mallocr.o)
                0x0800352c                _malloc_r
 .text._sbrk_r  0x080035e8       0x20 c:/program files (x86)/atollic/truestudio for stm32 9.3.0/armtools/bin/../lib/gcc/arm-atollic-eabi/6.3.1/../../../../arm-atollic-eabi/lib/armv7-m\libc_nano.a(lib_a-sbrkr.o)
                0x080035e8                _sbrk_r
 .text.__malloc_lock
                0x08003608        0x2 c:/program files (x86)/atollic/truestudio for stm32 9.3.0/armtools/bin/../lib/gcc/arm-atollic-eabi/6.3.1/../../../../arm-atollic-eabi/lib/armv7-m\libc_nano.a(lib_a-mlock.o)
                0x08003608                __malloc_lock
 .text.__malloc_unlock
                0x0800360a        0x2 c:/program files (x86)/atollic/truestudio for stm32 9.3.0/armtools/bin/../lib/gcc/arm-atollic-eabi/6.3.1/../../../../arm-atollic-eabi/lib/armv7-m\libc_nano.a(lib_a-mlock.o)
                0x0800360a                __malloc_unlock
 .text._sbrk    0x0800360c       0x1c c:/program files (x86)/atollic/truestudio for stm32 9.3.0/armtools/bin/../lib/gcc/arm-atollic-eabi/6.3.1/../../../../arm-atollic-eabi/lib/armv7-m\libnosys.a(sbrk.o)
                0x0800360c                _sbrk
 *(.glue_7)
 .glue_7        0x08003628        0x0 linker stubs
 *(.glue_7t)
 .glue_7t       0x08003628        0x0 linker stubs
 *(.eh_frame)
 .eh_frame      0x08003628        0x0 c:/program files (x86)/atollic/truestudio for stm32 9.3.0/armtools/bin/../lib/gcc/arm-atollic-eabi/6.3.1/armv7-m/crtbegin.o
 *(.init)
 .init          0x08003628        0x4 c:/program files (x86)/atollic/truestudio for stm32 9.3.0/armtools/bin/../lib/gcc/arm-atollic-eabi/6.3.1/armv7-m/crti.o
                0x08003628                _init
 .init          0x0800362c        0x8 c:/program files (x86)/atollic/truestudio for stm32 9.3.0/armtools/bin/../lib/gcc/arm-atollic-eabi/6.3.1/armv7-m/crtn.o
 *(.fini)
 .fini          0x08003634        0x4 c:/program files (x86)/atollic/truestudio for stm32 9.3.0/armtools/bin/../lib/gcc/arm-atollic-eabi/6.3.1/armv7-m/crti.o
                0x08003634                _fini
 .fini          0x08003638        0x8 c:/program files (x86)/atollic/truestudio for stm32 9.3.0/armtools/bin/../lib/gcc/arm-atollic-eabi/6.3.1/armv7-m/crtn.o
                0x08003640                . = ALIGN (0x4)
                0x08003640                _etext = .

.vfp11_veneer   0x08003640        0x0
 .vfp11_veneer  0x08003640        0x0 linker stubs

.v4_bx          0x08003640        0x0
 .v4_bx         0x08003640        0x0 linker stubs

.iplt           0x08003640        0x0
 .iplt          0x08003640        0x0 c:/program files (x86)/atollic/truestudio for stm32 9.3.0/armtools/bin/../lib/gcc/arm-atollic-eabi/6.3.1/armv7-m/crtbegin.o

.rodata         0x08003640       0x20
                0x08003640                . = ALIGN (0x4)
 *(.rodata)
 .rodata        0x08003640        0xe src\main.o
 *fill*         0x0800364e        0x2 
 .rodata        0x08003650        0x5 src\tasks.o
 *fill*         0x08003655        0x3 
 .rodata        0x08003658        0x8 src\timers.o
 *(.rodata*)
                0x08003660                . = ALIGN (0x4)

.rel.dyn        0x08003660        0x0
 .rel.iplt      0x08003660        0x0 c:/program files (x86)/atollic/truestudio for stm32 9.3.0/armtools/bin/../lib/gcc/arm-atollic-eabi/6.3.1/armv7-m/crtbegin.o

.ARM.extab
 *(.ARM.extab* .gnu.linkonce.armextab.*)

.ARM            0x08003660        0x0
                0x08003660                __exidx_start = .
 *(.ARM.exidx*)
                0x08003660                __exidx_end = .

.preinit_array  0x08003660        0x0
                0x08003660                PROVIDE (__preinit_array_start, .)
 *(.preinit_array*)
                0x08003660                PROVIDE (__preinit_array_end, .)

.init_array     0x08003660        0x4
                0x08003660                PROVIDE (__init_array_start, .)
 *(SORT(.init_array.*))
 *(.init_array*)
 .init_array    0x08003660        0x4 c:/program files (x86)/atollic/truestudio for stm32 9.3.0/armtools/bin/../lib/gcc/arm-atollic-eabi/6.3.1/armv7-m/crtbegin.o
                0x08003664                PROVIDE (__init_array_end, .)

.fini_array     0x08003664        0x4
                [!provide]                PROVIDE (__fini_array_start, .)
 *(SORT(.fini_array.*))
 *(.fini_array*)
 .fini_array    0x08003664        0x4 c:/program files (x86)/atollic/truestudio for stm32 9.3.0/armtools/bin/../lib/gcc/arm-atollic-eabi/6.3.1/armv7-m/crtbegin.o
                [!provide]                PROVIDE (__fini_array_end, .)
                0x08003668                _sidata = LOADADDR (.data)

.data           0x20000000       0x78 load address 0x08003668
                0x20000000                . = ALIGN (0x4)
                0x20000000                _sdata = .
 *(.data)
 *(.data*)
 .data.array_val
                0x20000000        0xa src\SEVSEG_program.o
                0x20000000                array_val
 *fill*         0x2000000a        0x2 
 .data.uxCriticalNesting
                0x2000000c        0x4 src\port.o
 .data.uxTopUsedPriority
                0x20000010        0x4 src\tasks.o
                0x20000010                uxTopUsedPriority
 .data._impure_ptr
                0x20000014        0x4 c:/program files (x86)/atollic/truestudio for stm32 9.3.0/armtools/bin/../lib/gcc/arm-atollic-eabi/6.3.1/../../../../arm-atollic-eabi/lib/armv7-m\libc_nano.a(lib_a-impure.o)
                0x20000014                _impure_ptr
 .data.impure_data
                0x20000018       0x60 c:/program files (x86)/atollic/truestudio for stm32 9.3.0/armtools/bin/../lib/gcc/arm-atollic-eabi/6.3.1/../../../../arm-atollic-eabi/lib/armv7-m\libc_nano.a(lib_a-impure.o)
                0x20000078                . = ALIGN (0x4)
                0x20000078                _edata = .

.igot.plt       0x20000078        0x0 load address 0x080036e0
 .igot.plt      0x20000078        0x0 c:/program files (x86)/atollic/truestudio for stm32 9.3.0/armtools/bin/../lib/gcc/arm-atollic-eabi/6.3.1/armv7-m/crtbegin.o
                0x20000078                . = ALIGN (0x4)

.bss            0x20000078      0x228 load address 0x080036e0
                0x20000078                _sbss = .
                0x20000078                __bss_start__ = _sbss
 *(.bss)
 .bss           0x20000078       0x1c c:/program files (x86)/atollic/truestudio for stm32 9.3.0/armtools/bin/../lib/gcc/arm-atollic-eabi/6.3.1/armv7-m/crtbegin.o
 *(.bss*)
 .bss.EXTI_Callback
                0x20000094       0x40 src\EXTI_program.o
                0x20000094                EXTI_Callback
 .bss.task1_handle
                0x200000d4        0x4 src\main.o
                0x200000d4                task1_handle
 .bss.task2_handle
                0x200000d8        0x4 src\main.o
                0x200000d8                task2_handle
 .bss.sevseg    0x200000dc        0x4 src\main.o
                0x200000dc                sevseg
 .bss.Queue1    0x200000e0        0x4 src\main.o
                0x200000e0                Queue1
 .bss.ucMaxSysCallPriority
                0x200000e4        0x1 src\port.o
 *fill*         0x200000e5        0x3 
 .bss.ulMaxPRIGROUPValue
                0x200000e8        0x4 src\port.o
 .bss.pxCurrentTCB
                0x200000ec        0x4 src\tasks.o
                0x200000ec                pxCurrentTCB
 .bss.pxReadyTasksLists
                0x200000f0       0xc8 src\tasks.o
 .bss.xDelayedTaskList1
                0x200001b8       0x14 src\tasks.o
 .bss.xDelayedTaskList2
                0x200001cc       0x14 src\tasks.o
 .bss.pxDelayedTaskList
                0x200001e0        0x4 src\tasks.o
 .bss.pxOverflowDelayedTaskList
                0x200001e4        0x4 src\tasks.o
 .bss.xPendingReadyList
                0x200001e8       0x14 src\tasks.o
 .bss.xTasksWaitingTermination
                0x200001fc       0x14 src\tasks.o
 .bss.uxDeletedTasksWaitingCleanUp
                0x20000210        0x4 src\tasks.o
 .bss.xSuspendedTaskList
                0x20000214       0x14 src\tasks.o
 .bss.uxCurrentNumberOfTasks
                0x20000228        0x4 src\tasks.o
 .bss.xTickCount
                0x2000022c        0x4 src\tasks.o
 .bss.uxTopReadyPriority
                0x20000230        0x4 src\tasks.o
 .bss.xSchedulerRunning
                0x20000234        0x4 src\tasks.o
 .bss.xPendedTicks
                0x20000238        0x4 src\tasks.o
 .bss.xYieldPending
                0x2000023c        0x4 src\tasks.o
 .bss.xNumOfOverflows
                0x20000240        0x4 src\tasks.o
 .bss.uxTaskNumber
                0x20000244        0x4 src\tasks.o
 .bss.xNextTaskUnblockTime
                0x20000248        0x4 src\tasks.o
 .bss.xIdleTaskHandle
                0x2000024c        0x4 src\tasks.o
 .bss.uxSchedulerSuspended
                0x20000250        0x4 src\tasks.o
 .bss.xActiveTimerList1
                0x20000254       0x14 src\timers.o
 .bss.xActiveTimerList2
                0x20000268       0x14 src\timers.o
 .bss.pxCurrentTimerList
                0x2000027c        0x4 src\timers.o
 .bss.pxOverflowTimerList
                0x20000280        0x4 src\timers.o
 .bss.xTimerQueue
                0x20000284        0x4 src\timers.o
 .bss.xTimerTaskHandle
                0x20000288        0x4 src\timers.o
 .bss.xLastTime.5447
                0x2000028c        0x4 src\timers.o
 .bss.__malloc_free_list
                0x20000290        0x4 c:/program files (x86)/atollic/truestudio for stm32 9.3.0/armtools/bin/../lib/gcc/arm-atollic-eabi/6.3.1/../../../../arm-atollic-eabi/lib/armv7-m\libc_nano.a(lib_a-nano-mallocr.o)
                0x20000290                __malloc_free_list
 .bss.__malloc_sbrk_start
                0x20000294        0x4 c:/program files (x86)/atollic/truestudio for stm32 9.3.0/armtools/bin/../lib/gcc/arm-atollic-eabi/6.3.1/../../../../arm-atollic-eabi/lib/armv7-m\libc_nano.a(lib_a-nano-mallocr.o)
                0x20000294                __malloc_sbrk_start
 .bss.heap_end.4116
                0x20000298        0x4 c:/program files (x86)/atollic/truestudio for stm32 9.3.0/armtools/bin/../lib/gcc/arm-atollic-eabi/6.3.1/../../../../arm-atollic-eabi/lib/armv7-m\libnosys.a(sbrk.o)
 *(COMMON)
 COMMON         0x2000029c        0x4 c:/program files (x86)/atollic/truestudio for stm32 9.3.0/armtools/bin/../lib/gcc/arm-atollic-eabi/6.3.1/../../../../arm-atollic-eabi/lib/armv7-m\libc_nano.a(lib_a-reent.o)
                0x2000029c                errno
                0x200002a0                . = ALIGN (0x4)
                0x200002a0                _ebss = .
                0x200002a0                __bss_end__ = _ebss

._user_heap_stack
                0x200002a0      0x100 load address 0x080036e0
                0x200002a0                . = ALIGN (0x4)
                0x200002a0                PROVIDE (end, .)
                [!provide]                PROVIDE (_end, .)
                0x200002a0                . = (. + _Min_Heap_Size)
                0x200003a0                . = (. + _Min_Stack_Size)
 *fill*         0x200002a0      0x100 
                0x200003a0                . = ALIGN (0x4)

.memory_b1_text
 *(.mb1text)
 *(.mb1text*)
 *(.mb1rodata)
 *(.mb1rodata*)

/DISCARD/
 libc.a(*)
 libm.a(*)
 libgcc.a(*)

.ARM.attributes
                0x00000000       0x29
 *(.ARM.attributes)
 .ARM.attributes
                0x00000000       0x1d c:/program files (x86)/atollic/truestudio for stm32 9.3.0/armtools/bin/../lib/gcc/arm-atollic-eabi/6.3.1/armv7-m/crti.o
 .ARM.attributes
                0x0000001d       0x2d c:/program files (x86)/atollic/truestudio for stm32 9.3.0/armtools/bin/../lib/gcc/arm-atollic-eabi/6.3.1/armv7-m/crtbegin.o
 .ARM.attributes
                0x0000004a       0x33 src\DIO_program.o
 .ARM.attributes
                0x0000007d       0x33 src\EXTI_program.o
 .ARM.attributes
                0x000000b0       0x33 src\NVIC_program.o
 .ARM.attributes
                0x000000e3       0x33 src\RCC_program.o
 .ARM.attributes
                0x00000116       0x33 src\SEVSEG_program.o
 .ARM.attributes
                0x00000149       0x33 src\heap_3.o
 .ARM.attributes
                0x0000017c       0x33 src\list.o
 .ARM.attributes
                0x000001af       0x33 src\main.o
 .ARM.attributes
                0x000001e2       0x33 src\port.o
 .ARM.attributes
                0x00000215       0x33 src\queue.o
 .ARM.attributes
                0x00000248       0x21 src\startup_stm32f10x_md.o
 .ARM.attributes
                0x00000269       0x33 src\stm32f1xx_it.o
 .ARM.attributes
                0x0000029c       0x33 src\system_stm32f10x.o
 .ARM.attributes
                0x000002cf       0x33 src\tasks.o
 .ARM.attributes
                0x00000302       0x33 src\timers.o
 .ARM.attributes
                0x00000335       0x2d c:/program files (x86)/atollic/truestudio for stm32 9.3.0/armtools/bin/../lib/gcc/arm-atollic-eabi/6.3.1/../../../../arm-atollic-eabi/lib/armv7-m\libc_nano.a(lib_a-init.o)
 .ARM.attributes
                0x00000362       0x2d c:/program files (x86)/atollic/truestudio for stm32 9.3.0/armtools/bin/../lib/gcc/arm-atollic-eabi/6.3.1/../../../../arm-atollic-eabi/lib/armv7-m\libc_nano.a(lib_a-malloc.o)
 .ARM.attributes
                0x0000038f       0x2d c:/program files (x86)/atollic/truestudio for stm32 9.3.0/armtools/bin/../lib/gcc/arm-atollic-eabi/6.3.1/../../../../arm-atollic-eabi/lib/armv7-m\libc_nano.a(lib_a-memcpy-stub.o)
 .ARM.attributes
                0x000003bc       0x2d c:/program files (x86)/atollic/truestudio for stm32 9.3.0/armtools/bin/../lib/gcc/arm-atollic-eabi/6.3.1/../../../../arm-atollic-eabi/lib/armv7-m\libc_nano.a(lib_a-memset.o)
 .ARM.attributes
                0x000003e9       0x2d c:/program files (x86)/atollic/truestudio for stm32 9.3.0/armtools/bin/../lib/gcc/arm-atollic-eabi/6.3.1/../../../../arm-atollic-eabi/lib/armv7-m\libc_nano.a(lib_a-nano-freer.o)
 .ARM.attributes
                0x00000416       0x2d c:/program files (x86)/atollic/truestudio for stm32 9.3.0/armtools/bin/../lib/gcc/arm-atollic-eabi/6.3.1/../../../../arm-atollic-eabi/lib/armv7-m\libc_nano.a(lib_a-nano-mallocr.o)
 .ARM.attributes
                0x00000443       0x2d c:/program files (x86)/atollic/truestudio for stm32 9.3.0/armtools/bin/../lib/gcc/arm-atollic-eabi/6.3.1/../../../../arm-atollic-eabi/lib/armv7-m\libc_nano.a(lib_a-sbrkr.o)
 .ARM.attributes
                0x00000470       0x2d c:/program files (x86)/atollic/truestudio for stm32 9.3.0/armtools/bin/../lib/gcc/arm-atollic-eabi/6.3.1/../../../../arm-atollic-eabi/lib/armv7-m\libc_nano.a(lib_a-impure.o)
 .ARM.attributes
                0x0000049d       0x2d c:/program files (x86)/atollic/truestudio for stm32 9.3.0/armtools/bin/../lib/gcc/arm-atollic-eabi/6.3.1/../../../../arm-atollic-eabi/lib/armv7-m\libc_nano.a(lib_a-mlock.o)
 .ARM.attributes
                0x000004ca       0x2d c:/program files (x86)/atollic/truestudio for stm32 9.3.0/armtools/bin/../lib/gcc/arm-atollic-eabi/6.3.1/../../../../arm-atollic-eabi/lib/armv7-m\libc_nano.a(lib_a-reent.o)
 .ARM.attributes
                0x000004f7       0x2d c:/program files (x86)/atollic/truestudio for stm32 9.3.0/armtools/bin/../lib/gcc/arm-atollic-eabi/6.3.1/../../../../arm-atollic-eabi/lib/armv7-m\libnosys.a(sbrk.o)
 .ARM.attributes
                0x00000524       0x1d c:/program files (x86)/atollic/truestudio for stm32 9.3.0/armtools/bin/../lib/gcc/arm-atollic-eabi/6.3.1/armv7-m/crtn.o
OUTPUT(FreeRTOS LAB_4.elf elf32-littlearm)

.debug_info     0x00000000     0x8456
 .debug_info    0x00000000      0x3cf src\DIO_program.o
 .debug_info    0x000003cf      0x308 src\EXTI_program.o
 .debug_info    0x000006d7      0x1b0 src\NVIC_program.o
 .debug_info    0x00000887       0xfd src\RCC_program.o
 .debug_info    0x00000984      0x146 src\SEVSEG_program.o
 .debug_info    0x00000aca      0x8f7 src\heap_3.o
 .debug_info    0x000013c1      0xac3 src\list.o
 .debug_info    0x00001e84      0x3cd src\main.o
 .debug_info    0x00002251      0x4ca src\port.o
 .debug_info    0x0000271b     0x1d4a src\queue.o
 .debug_info    0x00004465       0x7a src\startup_stm32f10x_md.o
 .debug_info    0x000044df       0xff src\stm32f1xx_it.o
 .debug_info    0x000045de      0x4a7 src\system_stm32f10x.o
 .debug_info    0x00004a85     0x257b src\tasks.o
 .debug_info    0x00007000     0x1456 src\timers.o

.debug_abbrev   0x00000000     0x14db
 .debug_abbrev  0x00000000      0x130 src\DIO_program.o
 .debug_abbrev  0x00000130      0x106 src\EXTI_program.o
 .debug_abbrev  0x00000236       0x98 src\NVIC_program.o
 .debug_abbrev  0x000002ce       0x6d src\RCC_program.o
 .debug_abbrev  0x0000033b       0x9f src\SEVSEG_program.o
 .debug_abbrev  0x000003da      0x1ba src\heap_3.o
 .debug_abbrev  0x00000594      0x1cc src\list.o
 .debug_abbrev  0x00000760      0x102 src\main.o
 .debug_abbrev  0x00000862      0x1f1 src\port.o
 .debug_abbrev  0x00000a53      0x2b4 src\queue.o
 .debug_abbrev  0x00000d07       0x12 src\startup_stm32f10x_md.o
 .debug_abbrev  0x00000d19       0x78 src\stm32f1xx_it.o
 .debug_abbrev  0x00000d91      0x16e src\system_stm32f10x.o
 .debug_abbrev  0x00000eff      0x331 src\tasks.o
 .debug_abbrev  0x00001230      0x2ab src\timers.o

.debug_aranges  0x00000000      0x718
 .debug_aranges
                0x00000000       0x78 src\DIO_program.o
 .debug_aranges
                0x00000078       0xc8 src\EXTI_program.o
 .debug_aranges
                0x00000140       0x48 src\NVIC_program.o
 .debug_aranges
                0x00000188       0x30 src\RCC_program.o
 .debug_aranges
                0x000001b8       0x30 src\SEVSEG_program.o
 .debug_aranges
                0x000001e8       0x28 src\heap_3.o
 .debug_aranges
                0x00000210       0x40 src\list.o
 .debug_aranges
                0x00000250       0x40 src\main.o
 .debug_aranges
                0x00000290       0x78 src\port.o
 .debug_aranges
                0x00000308       0xf0 src\queue.o
 .debug_aranges
                0x000003f8       0x28 src\startup_stm32f10x_md.o
 .debug_aranges
                0x00000420       0x38 src\stm32f1xx_it.o
 .debug_aranges
                0x00000458       0x38 src\system_stm32f10x.o
 .debug_aranges
                0x00000490      0x1c0 src\tasks.o
 .debug_aranges
                0x00000650       0xc8 src\timers.o

.debug_ranges   0x00000000      0x630
 .debug_ranges  0x00000000       0x68 src\DIO_program.o
 .debug_ranges  0x00000068       0xb8 src\EXTI_program.o
 .debug_ranges  0x00000120       0x38 src\NVIC_program.o
 .debug_ranges  0x00000158       0x20 src\RCC_program.o
 .debug_ranges  0x00000178       0x20 src\SEVSEG_program.o
 .debug_ranges  0x00000198       0x18 src\heap_3.o
 .debug_ranges  0x000001b0       0x30 src\list.o
 .debug_ranges  0x000001e0       0x30 src\main.o
 .debug_ranges  0x00000210       0x68 src\port.o
 .debug_ranges  0x00000278       0xe0 src\queue.o
 .debug_ranges  0x00000358       0x20 src\startup_stm32f10x_md.o
 .debug_ranges  0x00000378       0x28 src\stm32f1xx_it.o
 .debug_ranges  0x000003a0       0x28 src\system_stm32f10x.o
 .debug_ranges  0x000003c8      0x1b0 src\tasks.o
 .debug_ranges  0x00000578       0xb8 src\timers.o

.debug_line     0x00000000     0x3416
 .debug_line    0x00000000      0x237 src\DIO_program.o
 .debug_line    0x00000237      0x1fe src\EXTI_program.o
 .debug_line    0x00000435       0xdc src\NVIC_program.o
 .debug_line    0x00000511       0x9a src\RCC_program.o
 .debug_line    0x000005ab       0xd6 src\SEVSEG_program.o
 .debug_line    0x00000681      0x1ba src\heap_3.o
 .debug_line    0x0000083b      0x2b0 src\list.o
 .debug_line    0x00000aeb      0x1d9 src\main.o
 .debug_line    0x00000cc4      0x307 src\port.o
 .debug_line    0x00000fcb      0xb45 src\queue.o
 .debug_line    0x00001b10       0x7c src\startup_stm32f10x_md.o
 .debug_line    0x00001b8c      0x1d9 src\stm32f1xx_it.o
 .debug_line    0x00001d65      0x24a src\system_stm32f10x.o
 .debug_line    0x00001faf      0xe40 src\tasks.o
 .debug_line    0x00002def      0x627 src\timers.o

.debug_str      0x00000000     0x27af
 .debug_str     0x00000000      0x2f1 src\DIO_program.o
                                0x31f (size before relaxing)
 .debug_str     0x000002f1      0x1fc src\EXTI_program.o
                                0x368 (size before relaxing)
 .debug_str     0x000004ed      0x120 src\NVIC_program.o
                                0x28c (size before relaxing)
 .debug_str     0x0000060d       0x70 src\RCC_program.o
                                0x1dc (size before relaxing)
 .debug_str     0x0000067d       0x7f src\SEVSEG_program.o
                                0x1f4 (size before relaxing)
 .debug_str     0x000006fc      0x431 src\heap_3.o
                                0x5e3 (size before relaxing)
 .debug_str     0x00000b2d      0x14d src\list.o
                                0x701 (size before relaxing)
 .debug_str     0x00000c7a      0x2da src\main.o
                                0x49f (size before relaxing)
 .debug_str     0x00000f54      0x23a src\port.o
                                0x3fc (size before relaxing)
 .debug_str     0x0000118e      0x549 src\queue.o
                                0xc8c (size before relaxing)
 .debug_str     0x000016d7       0x84 src\stm32f1xx_it.o
                                0x209 (size before relaxing)
 .debug_str     0x0000175b      0x162 src\system_stm32f10x.o
                                0x32e (size before relaxing)
 .debug_str     0x000018bd      0xac5 src\tasks.o
                               0x12d2 (size before relaxing)
 .debug_str     0x00002382      0x42d src\timers.o
                                0xb89 (size before relaxing)

.comment        0x00000000       0x7c
 .comment       0x00000000       0x7c src\DIO_program.o
                                 0x7d (size before relaxing)
 .comment       0x0000007c       0x7d src\EXTI_program.o
 .comment       0x0000007c       0x7d src\NVIC_program.o
 .comment       0x0000007c       0x7d src\RCC_program.o
 .comment       0x0000007c       0x7d src\SEVSEG_program.o
 .comment       0x0000007c       0x7d src\heap_3.o
 .comment       0x0000007c       0x7d src\list.o
 .comment       0x0000007c       0x7d src\main.o
 .comment       0x0000007c       0x7d src\port.o
 .comment       0x0000007c       0x7d src\queue.o
 .comment       0x0000007c       0x7d src\stm32f1xx_it.o
 .comment       0x0000007c       0x7d src\system_stm32f10x.o
 .comment       0x0000007c       0x7d src\tasks.o
 .comment       0x0000007c       0x7d src\timers.o

.debug_frame    0x00000000     0x1bb4
 .debug_frame   0x00000000      0x1e4 src\DIO_program.o
 .debug_frame   0x000001e4      0x2b8 src\EXTI_program.o
 .debug_frame   0x0000049c      0x100 src\NVIC_program.o
 .debug_frame   0x0000059c       0x80 src\RCC_program.o
 .debug_frame   0x0000061c       0x74 src\SEVSEG_program.o
 .debug_frame   0x00000690       0x58 src\heap_3.o
 .debug_frame   0x000006e8       0xd8 src\list.o
 .debug_frame   0x000007c0       0xb0 src\main.o
 .debug_frame   0x00000870      0x198 src\port.o
 .debug_frame   0x00000a08      0x3f4 src\queue.o
 .debug_frame   0x00000dfc       0x78 src\stm32f1xx_it.o
 .debug_frame   0x00000e74       0x98 src\system_stm32f10x.o
 .debug_frame   0x00000f0c      0x78c src\tasks.o
 .debug_frame   0x00001698      0x33c src\timers.o
 .debug_frame   0x000019d4       0x2c c:/program files (x86)/atollic/truestudio for stm32 9.3.0/armtools/bin/../lib/gcc/arm-atollic-eabi/6.3.1/../../../../arm-atollic-eabi/lib/armv7-m\libc_nano.a(lib_a-init.o)
 .debug_frame   0x00001a00       0x30 c:/program files (x86)/atollic/truestudio for stm32 9.3.0/armtools/bin/../lib/gcc/arm-atollic-eabi/6.3.1/../../../../arm-atollic-eabi/lib/armv7-m\libc_nano.a(lib_a-malloc.o)
 .debug_frame   0x00001a30       0x28 c:/program files (x86)/atollic/truestudio for stm32 9.3.0/armtools/bin/../lib/gcc/arm-atollic-eabi/6.3.1/../../../../arm-atollic-eabi/lib/armv7-m\libc_nano.a(lib_a-memcpy-stub.o)
 .debug_frame   0x00001a58       0x20 c:/program files (x86)/atollic/truestudio for stm32 9.3.0/armtools/bin/../lib/gcc/arm-atollic-eabi/6.3.1/../../../../arm-atollic-eabi/lib/armv7-m\libc_nano.a(lib_a-memset.o)
 .debug_frame   0x00001a78       0x38 c:/program files (x86)/atollic/truestudio for stm32 9.3.0/armtools/bin/../lib/gcc/arm-atollic-eabi/6.3.1/../../../../arm-atollic-eabi/lib/armv7-m\libc_nano.a(lib_a-nano-freer.o)
 .debug_frame   0x00001ab0       0x2c c:/program files (x86)/atollic/truestudio for stm32 9.3.0/armtools/bin/../lib/gcc/arm-atollic-eabi/6.3.1/../../../../arm-atollic-eabi/lib/armv7-m\libc_nano.a(lib_a-nano-mallocr.o)
 .debug_frame   0x00001adc       0x2c c:/program files (x86)/atollic/truestudio for stm32 9.3.0/armtools/bin/../lib/gcc/arm-atollic-eabi/6.3.1/../../../../arm-atollic-eabi/lib/armv7-m\libc_nano.a(lib_a-sbrkr.o)
 .debug_frame   0x00001b08       0x30 c:/program files (x86)/atollic/truestudio for stm32 9.3.0/armtools/bin/../lib/gcc/arm-atollic-eabi/6.3.1/../../../../arm-atollic-eabi/lib/armv7-m\libc_nano.a(lib_a-mlock.o)
 .debug_frame   0x00001b38       0x5c c:/program files (x86)/atollic/truestudio for stm32 9.3.0/armtools/bin/../lib/gcc/arm-atollic-eabi/6.3.1/../../../../arm-atollic-eabi/lib/armv7-m\libc_nano.a(lib_a-reent.o)
 .debug_frame   0x00001b94       0x20 c:/program files (x86)/atollic/truestudio for stm32 9.3.0/armtools/bin/../lib/gcc/arm-atollic-eabi/6.3.1/../../../../arm-atollic-eabi/lib/armv7-m\libnosys.a(sbrk.o)

.stabstr        0x00000000       0x3f
 .stabstr       0x00000000       0x3f c:/program files (x86)/atollic/truestudio for stm32 9.3.0/armtools/bin/../lib/gcc/arm-atollic-eabi/6.3.1/../../../../arm-atollic-eabi/lib/armv7-m\libnosys.a(write.o)

Cross Reference Table

Symbol                                            File
ADC1_2_IRQHandler                                 src\startup_stm32f10x_md.o
ADC_AnalogWatchdogCmd                             Libraries\STM32F10x_StdPeriph_Driver\src\stm32f10x_adc.o
ADC_AnalogWatchdogSingleChannelConfig             Libraries\STM32F10x_StdPeriph_Driver\src\stm32f10x_adc.o
ADC_AnalogWatchdogThresholdsConfig                Libraries\STM32F10x_StdPeriph_Driver\src\stm32f10x_adc.o
ADC_AutoInjectedConvCmd                           Libraries\STM32F10x_StdPeriph_Driver\src\stm32f10x_adc.o
ADC_ClearFlag                                     Libraries\STM32F10x_StdPeriph_Driver\src\stm32f10x_adc.o
ADC_ClearITPendingBit                             Libraries\STM32F10x_StdPeriph_Driver\src\stm32f10x_adc.o
ADC_Cmd                                           Libraries\STM32F10x_StdPeriph_Driver\src\stm32f10x_adc.o
ADC_DMACmd                                        Libraries\STM32F10x_StdPeriph_Driver\src\stm32f10x_adc.o
ADC_DeInit                                        Libraries\STM32F10x_StdPeriph_Driver\src\stm32f10x_adc.o
ADC_DiscModeChannelCountConfig                    Libraries\STM32F10x_StdPeriph_Driver\src\stm32f10x_adc.o
ADC_DiscModeCmd                                   Libraries\STM32F10x_StdPeriph_Driver\src\stm32f10x_adc.o
ADC_ExternalTrigConvCmd                           Libraries\STM32F10x_StdPeriph_Driver\src\stm32f10x_adc.o
ADC_ExternalTrigInjectedConvCmd                   Libraries\STM32F10x_StdPeriph_Driver\src\stm32f10x_adc.o
ADC_ExternalTrigInjectedConvConfig                Libraries\STM32F10x_StdPeriph_Driver\src\stm32f10x_adc.o
ADC_GetCalibrationStatus                          Libraries\STM32F10x_StdPeriph_Driver\src\stm32f10x_adc.o
ADC_GetConversionValue                            Libraries\STM32F10x_StdPeriph_Driver\src\stm32f10x_adc.o
ADC_GetDualModeConversionValue                    Libraries\STM32F10x_StdPeriph_Driver\src\stm32f10x_adc.o
ADC_GetFlagStatus                                 Libraries\STM32F10x_StdPeriph_Driver\src\stm32f10x_adc.o
ADC_GetITStatus                                   Libraries\STM32F10x_StdPeriph_Driver\src\stm32f10x_adc.o
ADC_GetInjectedConversionValue                    Libraries\STM32F10x_StdPeriph_Driver\src\stm32f10x_adc.o
ADC_GetResetCalibrationStatus                     Libraries\STM32F10x_StdPeriph_Driver\src\stm32f10x_adc.o
ADC_GetSoftwareStartConvStatus                    Libraries\STM32F10x_StdPeriph_Driver\src\stm32f10x_adc.o
ADC_GetSoftwareStartInjectedConvCmdStatus         Libraries\STM32F10x_StdPeriph_Driver\src\stm32f10x_adc.o
ADC_ITConfig                                      Libraries\STM32F10x_StdPeriph_Driver\src\stm32f10x_adc.o
ADC_Init                                          Libraries\STM32F10x_StdPeriph_Driver\src\stm32f10x_adc.o
ADC_InjectedChannelConfig                         Libraries\STM32F10x_StdPeriph_Driver\src\stm32f10x_adc.o
ADC_InjectedDiscModeCmd                           Libraries\STM32F10x_StdPeriph_Driver\src\stm32f10x_adc.o
ADC_InjectedSequencerLengthConfig                 Libraries\STM32F10x_StdPeriph_Driver\src\stm32f10x_adc.o
ADC_RegularChannelConfig                          Libraries\STM32F10x_StdPeriph_Driver\src\stm32f10x_adc.o
ADC_ResetCalibration                              Libraries\STM32F10x_StdPeriph_Driver\src\stm32f10x_adc.o
ADC_SetInjectedOffset                             Libraries\STM32F10x_StdPeriph_Driver\src\stm32f10x_adc.o
ADC_SoftwareStartConvCmd                          Libraries\STM32F10x_StdPeriph_Driver\src\stm32f10x_adc.o
ADC_SoftwareStartInjectedConvCmd                  Libraries\STM32F10x_StdPeriph_Driver\src\stm32f10x_adc.o
ADC_StartCalibration                              Libraries\STM32F10x_StdPeriph_Driver\src\stm32f10x_adc.o
ADC_StructInit                                    Libraries\STM32F10x_StdPeriph_Driver\src\stm32f10x_adc.o
ADC_TempSensorVrefintCmd                          Libraries\STM32F10x_StdPeriph_Driver\src\stm32f10x_adc.o
AHBPrescTable                                     src\system_stm32f10x.o
BKP_ClearFlag                                     Libraries\STM32F10x_StdPeriph_Driver\src\stm32f10x_bkp.o
BKP_ClearITPendingBit                             Libraries\STM32F10x_StdPeriph_Driver\src\stm32f10x_bkp.o
BKP_DeInit                                        Libraries\STM32F10x_StdPeriph_Driver\src\stm32f10x_bkp.o
BKP_GetFlagStatus                                 Libraries\STM32F10x_StdPeriph_Driver\src\stm32f10x_bkp.o
BKP_GetITStatus                                   Libraries\STM32F10x_StdPeriph_Driver\src\stm32f10x_bkp.o
BKP_ITConfig                                      Libraries\STM32F10x_StdPeriph_Driver\src\stm32f10x_bkp.o
BKP_RTCOutputConfig                               Libraries\STM32F10x_StdPeriph_Driver\src\stm32f10x_bkp.o
BKP_ReadBackupRegister                            Libraries\STM32F10x_StdPeriph_Driver\src\stm32f10x_bkp.o
BKP_SetRTCCalibrationValue                        Libraries\STM32F10x_StdPeriph_Driver\src\stm32f10x_bkp.o
BKP_TamperPinCmd                                  Libraries\STM32F10x_StdPeriph_Driver\src\stm32f10x_bkp.o
BKP_TamperPinLevelConfig                          Libraries\STM32F10x_StdPeriph_Driver\src\stm32f10x_bkp.o
BKP_WriteBackupRegister                           Libraries\STM32F10x_StdPeriph_Driver\src\stm32f10x_bkp.o
BusFault_Handler                                  src\stm32f1xx_it.o
                                                  src\startup_stm32f10x_md.o
CAN1_RX1_IRQHandler                               src\startup_stm32f10x_md.o
CAN1_SCE_IRQHandler                               src\startup_stm32f10x_md.o
CAN_CancelTransmit                                Libraries\STM32F10x_StdPeriph_Driver\src\stm32f10x_can.o
CAN_ClearFlag                                     Libraries\STM32F10x_StdPeriph_Driver\src\stm32f10x_can.o
CAN_ClearITPendingBit                             Libraries\STM32F10x_StdPeriph_Driver\src\stm32f10x_can.o
CAN_DBGFreeze                                     Libraries\STM32F10x_StdPeriph_Driver\src\stm32f10x_can.o
CAN_DeInit                                        Libraries\STM32F10x_StdPeriph_Driver\src\stm32f10x_can.o
CAN_FIFORelease                                   Libraries\STM32F10x_StdPeriph_Driver\src\stm32f10x_can.o
CAN_FilterInit                                    Libraries\STM32F10x_StdPeriph_Driver\src\stm32f10x_can.o
CAN_GetFlagStatus                                 Libraries\STM32F10x_StdPeriph_Driver\src\stm32f10x_can.o
CAN_GetITStatus                                   Libraries\STM32F10x_StdPeriph_Driver\src\stm32f10x_can.o
CAN_GetLSBTransmitErrorCounter                    Libraries\STM32F10x_StdPeriph_Driver\src\stm32f10x_can.o
CAN_GetLastErrorCode                              Libraries\STM32F10x_StdPeriph_Driver\src\stm32f10x_can.o
CAN_GetReceiveErrorCounter                        Libraries\STM32F10x_StdPeriph_Driver\src\stm32f10x_can.o
CAN_ITConfig                                      Libraries\STM32F10x_StdPeriph_Driver\src\stm32f10x_can.o
CAN_Init                                          Libraries\STM32F10x_StdPeriph_Driver\src\stm32f10x_can.o
CAN_MessagePending                                Libraries\STM32F10x_StdPeriph_Driver\src\stm32f10x_can.o
CAN_OperatingModeRequest                          Libraries\STM32F10x_StdPeriph_Driver\src\stm32f10x_can.o
CAN_Receive                                       Libraries\STM32F10x_StdPeriph_Driver\src\stm32f10x_can.o
CAN_SlaveStartBank                                Libraries\STM32F10x_StdPeriph_Driver\src\stm32f10x_can.o
CAN_Sleep                                         Libraries\STM32F10x_StdPeriph_Driver\src\stm32f10x_can.o
CAN_StructInit                                    Libraries\STM32F10x_StdPeriph_Driver\src\stm32f10x_can.o
CAN_TTComModeCmd                                  Libraries\STM32F10x_StdPeriph_Driver\src\stm32f10x_can.o
CAN_Transmit                                      Libraries\STM32F10x_StdPeriph_Driver\src\stm32f10x_can.o
CAN_TransmitStatus                                Libraries\STM32F10x_StdPeriph_Driver\src\stm32f10x_can.o
CAN_WakeUp                                        Libraries\STM32F10x_StdPeriph_Driver\src\stm32f10x_can.o
CEC_ClearFlag                                     Libraries\STM32F10x_StdPeriph_Driver\src\stm32f10x_cec.o
CEC_ClearITPendingBit                             Libraries\STM32F10x_StdPeriph_Driver\src\stm32f10x_cec.o
CEC_Cmd                                           Libraries\STM32F10x_StdPeriph_Driver\src\stm32f10x_cec.o
CEC_DeInit                                        Libraries\STM32F10x_StdPeriph_Driver\src\stm32f10x_cec.o
CEC_EndOfMessageCmd                               Libraries\STM32F10x_StdPeriph_Driver\src\stm32f10x_cec.o
CEC_GetFlagStatus                                 Libraries\STM32F10x_StdPeriph_Driver\src\stm32f10x_cec.o
CEC_GetITStatus                                   Libraries\STM32F10x_StdPeriph_Driver\src\stm32f10x_cec.o
CEC_ITConfig                                      Libraries\STM32F10x_StdPeriph_Driver\src\stm32f10x_cec.o
CEC_Init                                          Libraries\STM32F10x_StdPeriph_Driver\src\stm32f10x_cec.o
CEC_OwnAddressConfig                              Libraries\STM32F10x_StdPeriph_Driver\src\stm32f10x_cec.o
CEC_ReceiveDataByte                               Libraries\STM32F10x_StdPeriph_Driver\src\stm32f10x_cec.o
CEC_SendDataByte                                  Libraries\STM32F10x_StdPeriph_Driver\src\stm32f10x_cec.o
CEC_SetPrescaler                                  Libraries\STM32F10x_StdPeriph_Driver\src\stm32f10x_cec.o
CEC_StartOfMessage                                Libraries\STM32F10x_StdPeriph_Driver\src\stm32f10x_cec.o
CRC_CalcBlockCRC                                  Libraries\STM32F10x_StdPeriph_Driver\src\stm32f10x_crc.o
CRC_CalcCRC                                       Libraries\STM32F10x_StdPeriph_Driver\src\stm32f10x_crc.o
CRC_GetCRC                                        Libraries\STM32F10x_StdPeriph_Driver\src\stm32f10x_crc.o
CRC_GetIDRegister                                 Libraries\STM32F10x_StdPeriph_Driver\src\stm32f10x_crc.o
CRC_ResetDR                                       Libraries\STM32F10x_StdPeriph_Driver\src\stm32f10x_crc.o
CRC_SetIDRegister                                 Libraries\STM32F10x_StdPeriph_Driver\src\stm32f10x_crc.o
DAC_Cmd                                           Libraries\STM32F10x_StdPeriph_Driver\src\stm32f10x_dac.o
DAC_DMACmd                                        Libraries\STM32F10x_StdPeriph_Driver\src\stm32f10x_dac.o
DAC_DeInit                                        Libraries\STM32F10x_StdPeriph_Driver\src\stm32f10x_dac.o
DAC_DualSoftwareTriggerCmd                        Libraries\STM32F10x_StdPeriph_Driver\src\stm32f10x_dac.o
DAC_GetDataOutputValue                            Libraries\STM32F10x_StdPeriph_Driver\src\stm32f10x_dac.o
DAC_Init                                          Libraries\STM32F10x_StdPeriph_Driver\src\stm32f10x_dac.o
DAC_SetChannel1Data                               Libraries\STM32F10x_StdPeriph_Driver\src\stm32f10x_dac.o
DAC_SetChannel2Data                               Libraries\STM32F10x_StdPeriph_Driver\src\stm32f10x_dac.o
DAC_SetDualChannelData                            Libraries\STM32F10x_StdPeriph_Driver\src\stm32f10x_dac.o
DAC_SoftwareTriggerCmd                            Libraries\STM32F10x_StdPeriph_Driver\src\stm32f10x_dac.o
DAC_StructInit                                    Libraries\STM32F10x_StdPeriph_Driver\src\stm32f10x_dac.o
DAC_WaveGenerationCmd                             Libraries\STM32F10x_StdPeriph_Driver\src\stm32f10x_dac.o
DBGMCU_Config                                     Libraries\STM32F10x_StdPeriph_Driver\src\stm32f10x_dbgmcu.o
DBGMCU_GetDEVID                                   Libraries\STM32F10x_StdPeriph_Driver\src\stm32f10x_dbgmcu.o
DBGMCU_GetREVID                                   Libraries\STM32F10x_StdPeriph_Driver\src\stm32f10x_dbgmcu.o
DMA1_Channel1_IRQHandler                          src\startup_stm32f10x_md.o
DMA1_Channel2_IRQHandler                          src\startup_stm32f10x_md.o
DMA1_Channel3_IRQHandler                          src\startup_stm32f10x_md.o
DMA1_Channel4_IRQHandler                          src\startup_stm32f10x_md.o
DMA1_Channel5_IRQHandler                          src\startup_stm32f10x_md.o
DMA1_Channel6_IRQHandler                          src\startup_stm32f10x_md.o
DMA1_Channel7_IRQHandler                          src\startup_stm32f10x_md.o
DMA_ClearFlag                                     Libraries\STM32F10x_StdPeriph_Driver\src\stm32f10x_dma.o
DMA_ClearITPendingBit                             Libraries\STM32F10x_StdPeriph_Driver\src\stm32f10x_dma.o
DMA_Cmd                                           Libraries\STM32F10x_StdPeriph_Driver\src\stm32f10x_dma.o
DMA_DeInit                                        Libraries\STM32F10x_StdPeriph_Driver\src\stm32f10x_dma.o
DMA_GetCurrDataCounter                            Libraries\STM32F10x_StdPeriph_Driver\src\stm32f10x_dma.o
DMA_GetFlagStatus                                 Libraries\STM32F10x_StdPeriph_Driver\src\stm32f10x_dma.o
DMA_GetITStatus                                   Libraries\STM32F10x_StdPeriph_Driver\src\stm32f10x_dma.o
DMA_ITConfig                                      Libraries\STM32F10x_StdPeriph_Driver\src\stm32f10x_dma.o
DMA_Init                                          Libraries\STM32F10x_StdPeriph_Driver\src\stm32f10x_dma.o
DMA_SetCurrDataCounter                            Libraries\STM32F10x_StdPeriph_Driver\src\stm32f10x_dma.o
DMA_StructInit                                    Libraries\STM32F10x_StdPeriph_Driver\src\stm32f10x_dma.o
DebugMon_Handler                                  src\stm32f1xx_it.o
                                                  src\startup_stm32f10x_md.o
Default_Handler                                   src\startup_stm32f10x_md.o
EXTI0_IRQHandler                                  src\EXTI_program.o
EXTI10_IRQHandler                                 src\EXTI_program.o
EXTI11_IRQHandler                                 src\EXTI_program.o
EXTI12_IRQHandler                                 src\EXTI_program.o
EXTI13_IRQHandler                                 src\EXTI_program.o
EXTI14_IRQHandler                                 src\EXTI_program.o
EXTI15_10_IRQHandler                              src\startup_stm32f10x_md.o
EXTI15_IRQHandler                                 src\EXTI_program.o
EXTI1_IRQHandler                                  src\EXTI_program.o
EXTI2_IRQHandler                                  src\EXTI_program.o
EXTI3_IRQHandler                                  src\EXTI_program.o
EXTI4_IRQHandler                                  src\EXTI_program.o
EXTI5_IRQHandler                                  src\EXTI_program.o
EXTI6_IRQHandler                                  src\EXTI_program.o
EXTI7_IRQHandler                                  src\EXTI_program.o
EXTI8_IRQHandler                                  src\EXTI_program.o
EXTI9_5_IRQHandler                                src\startup_stm32f10x_md.o
EXTI9_IRQHandler                                  src\EXTI_program.o
EXTI_Callback                                     src\EXTI_program.o
EXTI_ClearFlag                                    Libraries\STM32F10x_StdPeriph_Driver\src\stm32f10x_exti.o
EXTI_ClearITPendingBit                            Libraries\STM32F10x_StdPeriph_Driver\src\stm32f10x_exti.o
EXTI_DeInit                                       Libraries\STM32F10x_StdPeriph_Driver\src\stm32f10x_exti.o
EXTI_GenerateSWInterrupt                          Libraries\STM32F10x_StdPeriph_Driver\src\stm32f10x_exti.o
EXTI_GetFlagStatus                                Libraries\STM32F10x_StdPeriph_Driver\src\stm32f10x_exti.o
EXTI_GetITStatus                                  Libraries\STM32F10x_StdPeriph_Driver\src\stm32f10x_exti.o
EXTI_Init                                         Libraries\STM32F10x_StdPeriph_Driver\src\stm32f10x_exti.o
EXTI_StructInit                                   Libraries\STM32F10x_StdPeriph_Driver\src\stm32f10x_exti.o
EXTI_callback                                     src\main.o
FLASH_ClearFlag                                   Libraries\STM32F10x_StdPeriph_Driver\src\stm32f10x_flash.o
FLASH_EnableWriteProtection                       Libraries\STM32F10x_StdPeriph_Driver\src\stm32f10x_flash.o
FLASH_EraseAllBank1Pages                          Libraries\STM32F10x_StdPeriph_Driver\src\stm32f10x_flash.o
FLASH_EraseAllPages                               Libraries\STM32F10x_StdPeriph_Driver\src\stm32f10x_flash.o
FLASH_EraseOptionBytes                            Libraries\STM32F10x_StdPeriph_Driver\src\stm32f10x_flash.o
FLASH_ErasePage                                   Libraries\STM32F10x_StdPeriph_Driver\src\stm32f10x_flash.o
FLASH_GetBank1Status                              Libraries\STM32F10x_StdPeriph_Driver\src\stm32f10x_flash.o
FLASH_GetFlagStatus                               Libraries\STM32F10x_StdPeriph_Driver\src\stm32f10x_flash.o
FLASH_GetPrefetchBufferStatus                     Libraries\STM32F10x_StdPeriph_Driver\src\stm32f10x_flash.o
FLASH_GetReadOutProtectionStatus                  Libraries\STM32F10x_StdPeriph_Driver\src\stm32f10x_flash.o
FLASH_GetStatus                                   Libraries\STM32F10x_StdPeriph_Driver\src\stm32f10x_flash.o
FLASH_GetUserOptionByte                           Libraries\STM32F10x_StdPeriph_Driver\src\stm32f10x_flash.o
FLASH_GetWriteProtectionOptionByte                Libraries\STM32F10x_StdPeriph_Driver\src\stm32f10x_flash.o
FLASH_HalfCycleAccessCmd                          Libraries\STM32F10x_StdPeriph_Driver\src\stm32f10x_flash.o
FLASH_IRQHandler                                  src\startup_stm32f10x_md.o
FLASH_ITConfig                                    Libraries\STM32F10x_StdPeriph_Driver\src\stm32f10x_flash.o
FLASH_Lock                                        Libraries\STM32F10x_StdPeriph_Driver\src\stm32f10x_flash.o
FLASH_LockBank1                                   Libraries\STM32F10x_StdPeriph_Driver\src\stm32f10x_flash.o
FLASH_PrefetchBufferCmd                           Libraries\STM32F10x_StdPeriph_Driver\src\stm32f10x_flash.o
FLASH_ProgramHalfWord                             Libraries\STM32F10x_StdPeriph_Driver\src\stm32f10x_flash.o
FLASH_ProgramOptionByteData                       Libraries\STM32F10x_StdPeriph_Driver\src\stm32f10x_flash.o
FLASH_ProgramWord                                 Libraries\STM32F10x_StdPeriph_Driver\src\stm32f10x_flash.o
FLASH_ReadOutProtection                           Libraries\STM32F10x_StdPeriph_Driver\src\stm32f10x_flash.o
FLASH_SetLatency                                  Libraries\STM32F10x_StdPeriph_Driver\src\stm32f10x_flash.o
FLASH_Unlock                                      Libraries\STM32F10x_StdPeriph_Driver\src\stm32f10x_flash.o
FLASH_UnlockBank1                                 Libraries\STM32F10x_StdPeriph_Driver\src\stm32f10x_flash.o
FLASH_UserOptionByteConfig                        Libraries\STM32F10x_StdPeriph_Driver\src\stm32f10x_flash.o
FLASH_WaitForLastBank1Operation                   Libraries\STM32F10x_StdPeriph_Driver\src\stm32f10x_flash.o
FLASH_WaitForLastOperation                        Libraries\STM32F10x_StdPeriph_Driver\src\stm32f10x_flash.o
FSMC_ClearFlag                                    Libraries\STM32F10x_StdPeriph_Driver\src\stm32f10x_fsmc.o
FSMC_ClearITPendingBit                            Libraries\STM32F10x_StdPeriph_Driver\src\stm32f10x_fsmc.o
FSMC_GetECC                                       Libraries\STM32F10x_StdPeriph_Driver\src\stm32f10x_fsmc.o
FSMC_GetFlagStatus                                Libraries\STM32F10x_StdPeriph_Driver\src\stm32f10x_fsmc.o
FSMC_GetITStatus                                  Libraries\STM32F10x_StdPeriph_Driver\src\stm32f10x_fsmc.o
FSMC_ITConfig                                     Libraries\STM32F10x_StdPeriph_Driver\src\stm32f10x_fsmc.o
FSMC_NANDCmd                                      Libraries\STM32F10x_StdPeriph_Driver\src\stm32f10x_fsmc.o
FSMC_NANDDeInit                                   Libraries\STM32F10x_StdPeriph_Driver\src\stm32f10x_fsmc.o
FSMC_NANDECCCmd                                   Libraries\STM32F10x_StdPeriph_Driver\src\stm32f10x_fsmc.o
FSMC_NANDInit                                     Libraries\STM32F10x_StdPeriph_Driver\src\stm32f10x_fsmc.o
FSMC_NANDStructInit                               Libraries\STM32F10x_StdPeriph_Driver\src\stm32f10x_fsmc.o
FSMC_NORSRAMCmd                                   Libraries\STM32F10x_StdPeriph_Driver\src\stm32f10x_fsmc.o
FSMC_NORSRAMDeInit                                Libraries\STM32F10x_StdPeriph_Driver\src\stm32f10x_fsmc.o
FSMC_NORSRAMInit                                  Libraries\STM32F10x_StdPeriph_Driver\src\stm32f10x_fsmc.o
FSMC_NORSRAMStructInit                            Libraries\STM32F10x_StdPeriph_Driver\src\stm32f10x_fsmc.o
FSMC_PCCARDCmd                                    Libraries\STM32F10x_StdPeriph_Driver\src\stm32f10x_fsmc.o
FSMC_PCCARDDeInit                                 Libraries\STM32F10x_StdPeriph_Driver\src\stm32f10x_fsmc.o
FSMC_PCCARDInit                                   Libraries\STM32F10x_StdPeriph_Driver\src\stm32f10x_fsmc.o
FSMC_PCCARDStructInit                             Libraries\STM32F10x_StdPeriph_Driver\src\stm32f10x_fsmc.o
GPIO_AFIODeInit                                   Libraries\STM32F10x_StdPeriph_Driver\src\stm32f10x_gpio.o
GPIO_DeInit                                       Libraries\STM32F10x_StdPeriph_Driver\src\stm32f10x_gpio.o
GPIO_ETH_MediaInterfaceConfig                     Libraries\STM32F10x_StdPeriph_Driver\src\stm32f10x_gpio.o
GPIO_EXTILineConfig                               Libraries\STM32F10x_StdPeriph_Driver\src\stm32f10x_gpio.o
GPIO_EventOutputCmd                               Libraries\STM32F10x_StdPeriph_Driver\src\stm32f10x_gpio.o
GPIO_EventOutputConfig                            Libraries\STM32F10x_StdPeriph_Driver\src\stm32f10x_gpio.o
GPIO_Init                                         Libraries\STM32F10x_StdPeriph_Driver\src\stm32f10x_gpio.o
GPIO_PinLockConfig                                Libraries\STM32F10x_StdPeriph_Driver\src\stm32f10x_gpio.o
GPIO_PinRemapConfig                               Libraries\STM32F10x_StdPeriph_Driver\src\stm32f10x_gpio.o
GPIO_ReadInputData                                Libraries\STM32F10x_StdPeriph_Driver\src\stm32f10x_gpio.o
GPIO_ReadInputDataBit                             Libraries\STM32F10x_StdPeriph_Driver\src\stm32f10x_gpio.o
GPIO_ReadOutputData                               Libraries\STM32F10x_StdPeriph_Driver\src\stm32f10x_gpio.o
GPIO_ReadOutputDataBit                            Libraries\STM32F10x_StdPeriph_Driver\src\stm32f10x_gpio.o
GPIO_ResetBits                                    Libraries\STM32F10x_StdPeriph_Driver\src\stm32f10x_gpio.o
GPIO_SetBits                                      Libraries\STM32F10x_StdPeriph_Driver\src\stm32f10x_gpio.o
GPIO_StructInit                                   Libraries\STM32F10x_StdPeriph_Driver\src\stm32f10x_gpio.o
GPIO_Write                                        Libraries\STM32F10x_StdPeriph_Driver\src\stm32f10x_gpio.o
GPIO_WriteBit                                     Libraries\STM32F10x_StdPeriph_Driver\src\stm32f10x_gpio.o
HardFault_Handler                                 src\startup_stm32f10x_md.o
I2C1_ER_IRQHandler                                src\startup_stm32f10x_md.o
I2C1_EV_IRQHandler                                src\startup_stm32f10x_md.o
I2C2_ER_IRQHandler                                src\startup_stm32f10x_md.o
I2C2_EV_IRQHandler                                src\startup_stm32f10x_md.o
I2C_ARPCmd                                        Libraries\STM32F10x_StdPeriph_Driver\src\stm32f10x_i2c.o
I2C_AcknowledgeConfig                             Libraries\STM32F10x_StdPeriph_Driver\src\stm32f10x_i2c.o
I2C_CalculatePEC                                  Libraries\STM32F10x_StdPeriph_Driver\src\stm32f10x_i2c.o
I2C_CheckEvent                                    Libraries\STM32F10x_StdPeriph_Driver\src\stm32f10x_i2c.o
I2C_ClearFlag                                     Libraries\STM32F10x_StdPeriph_Driver\src\stm32f10x_i2c.o
I2C_ClearITPendingBit                             Libraries\STM32F10x_StdPeriph_Driver\src\stm32f10x_i2c.o
I2C_Cmd                                           Libraries\STM32F10x_StdPeriph_Driver\src\stm32f10x_i2c.o
I2C_DMACmd                                        Libraries\STM32F10x_StdPeriph_Driver\src\stm32f10x_i2c.o
I2C_DMALastTransferCmd                            Libraries\STM32F10x_StdPeriph_Driver\src\stm32f10x_i2c.o
I2C_DeInit                                        Libraries\STM32F10x_StdPeriph_Driver\src\stm32f10x_i2c.o
I2C_DualAddressCmd                                Libraries\STM32F10x_StdPeriph_Driver\src\stm32f10x_i2c.o
I2C_FastModeDutyCycleConfig                       Libraries\STM32F10x_StdPeriph_Driver\src\stm32f10x_i2c.o
I2C_GeneralCallCmd                                Libraries\STM32F10x_StdPeriph_Driver\src\stm32f10x_i2c.o
I2C_GenerateSTART                                 Libraries\STM32F10x_StdPeriph_Driver\src\stm32f10x_i2c.o
I2C_GenerateSTOP                                  Libraries\STM32F10x_StdPeriph_Driver\src\stm32f10x_i2c.o
I2C_GetFlagStatus                                 Libraries\STM32F10x_StdPeriph_Driver\src\stm32f10x_i2c.o
I2C_GetITStatus                                   Libraries\STM32F10x_StdPeriph_Driver\src\stm32f10x_i2c.o
I2C_GetLastEvent                                  Libraries\STM32F10x_StdPeriph_Driver\src\stm32f10x_i2c.o
I2C_GetPEC                                        Libraries\STM32F10x_StdPeriph_Driver\src\stm32f10x_i2c.o
I2C_ITConfig                                      Libraries\STM32F10x_StdPeriph_Driver\src\stm32f10x_i2c.o
I2C_Init                                          Libraries\STM32F10x_StdPeriph_Driver\src\stm32f10x_i2c.o
I2C_NACKPositionConfig                            Libraries\STM32F10x_StdPeriph_Driver\src\stm32f10x_i2c.o
I2C_OwnAddress2Config                             Libraries\STM32F10x_StdPeriph_Driver\src\stm32f10x_i2c.o
I2C_PECPositionConfig                             Libraries\STM32F10x_StdPeriph_Driver\src\stm32f10x_i2c.o
I2C_ReadRegister                                  Libraries\STM32F10x_StdPeriph_Driver\src\stm32f10x_i2c.o
I2C_ReceiveData                                   Libraries\STM32F10x_StdPeriph_Driver\src\stm32f10x_i2c.o
I2C_SMBusAlertConfig                              Libraries\STM32F10x_StdPeriph_Driver\src\stm32f10x_i2c.o
I2C_Send7bitAddress                               Libraries\STM32F10x_StdPeriph_Driver\src\stm32f10x_i2c.o
I2C_SendData                                      Libraries\STM32F10x_StdPeriph_Driver\src\stm32f10x_i2c.o
I2C_SoftwareResetCmd                              Libraries\STM32F10x_StdPeriph_Driver\src\stm32f10x_i2c.o
I2C_StretchClockCmd                               Libraries\STM32F10x_StdPeriph_Driver\src\stm32f10x_i2c.o
I2C_StructInit                                    Libraries\STM32F10x_StdPeriph_Driver\src\stm32f10x_i2c.o
I2C_TransmitPEC                                   Libraries\STM32F10x_StdPeriph_Driver\src\stm32f10x_i2c.o
I2S_Cmd                                           Libraries\STM32F10x_StdPeriph_Driver\src\stm32f10x_spi.o
I2S_Init                                          Libraries\STM32F10x_StdPeriph_Driver\src\stm32f10x_spi.o
I2S_StructInit                                    Libraries\STM32F10x_StdPeriph_Driver\src\stm32f10x_spi.o
IWDG_Enable                                       Libraries\STM32F10x_StdPeriph_Driver\src\stm32f10x_iwdg.o
IWDG_GetFlagStatus                                Libraries\STM32F10x_StdPeriph_Driver\src\stm32f10x_iwdg.o
IWDG_ReloadCounter                                Libraries\STM32F10x_StdPeriph_Driver\src\stm32f10x_iwdg.o
IWDG_SetPrescaler                                 Libraries\STM32F10x_StdPeriph_Driver\src\stm32f10x_iwdg.o
IWDG_SetReload                                    Libraries\STM32F10x_StdPeriph_Driver\src\stm32f10x_iwdg.o
IWDG_WriteAccessCmd                               Libraries\STM32F10x_StdPeriph_Driver\src\stm32f10x_iwdg.o
MEXTI_voidDisableEXTI                             src\EXTI_program.o
MEXTI_voidEnableEXTI                              src\EXTI_program.o
                                                  src\main.o
MEXTI_voidInit                                    src\EXTI_program.o
                                                  src\main.o
MEXTI_voidSWTrigger                               src\EXTI_program.o
MEXTI_voidSetCallBack                             src\EXTI_program.o
                                                  src\main.o
MEXTI_voidSetSignalLatch                          src\EXTI_program.o
                                                  src\main.o
MGPIO_u16GetPortValue                             src\DIO_program.o
MGPIO_u8GetPinValue                               src\DIO_program.o
MGPIO_voidClearPin                                src\DIO_program.o
MGPIO_voidLockPin                                 src\DIO_program.o
MGPIO_voidSetPin                                  src\DIO_program.o
MGPIO_voidSetPinDirection                         src\DIO_program.o
                                                  src\SEVSEG_program.o
MGPIO_voidSetPinValue                             src\DIO_program.o
                                                  src\SEVSEG_program.o
MGPIO_voidSetPortDirection                        src\DIO_program.o
MGPIO_voidSetPortValue                            src\DIO_program.o
MGPIO_voidSetPullResistor                         src\DIO_program.o
                                                  src\main.o
MGPIO_voidUnlockPin                               src\DIO_program.o
MNVIC_u8GetActiveFlag                             src\NVIC_program.o
MNVIC_voidClearPendingFlag                        src\NVIC_program.o
MNVIC_voidDisableInterrupt                        src\NVIC_program.o
MNVIC_voidEnableInterrupt                         src\NVIC_program.o
                                                  src\main.o
MNVIC_voidSetPendingFlag                          src\NVIC_program.o
MNVIC_voidSetPriority                             src\NVIC_program.o
                                                  src\main.o
MRCC_voidDisableClock                             src\RCC_program.o
MRCC_voidEnableClock                              src\RCC_program.o
                                                  src\main.o
MRCC_voidInitSysClock                             src\RCC_program.o
                                                  src\main.o
MemManage_Handler                                 src\stm32f1xx_it.o
                                                  src\startup_stm32f10x_md.o
NMI_Handler                                       src\startup_stm32f10x_md.o
NVIC_Init                                         Libraries\STM32F10x_StdPeriph_Driver\src\misc.o
NVIC_PriorityGroupConfig                          Libraries\STM32F10x_StdPeriph_Driver\src\misc.o
NVIC_SetVectorTable                               Libraries\STM32F10x_StdPeriph_Driver\src\misc.o
NVIC_SystemLPConfig                               Libraries\STM32F10x_StdPeriph_Driver\src\misc.o
PVD_IRQHandler                                    src\startup_stm32f10x_md.o
PWR_BackupAccessCmd                               Libraries\STM32F10x_StdPeriph_Driver\src\stm32f10x_pwr.o
PWR_ClearFlag                                     Libraries\STM32F10x_StdPeriph_Driver\src\stm32f10x_pwr.o
PWR_DeInit                                        Libraries\STM32F10x_StdPeriph_Driver\src\stm32f10x_pwr.o
PWR_EnterSTANDBYMode                              Libraries\STM32F10x_StdPeriph_Driver\src\stm32f10x_pwr.o
PWR_EnterSTOPMode                                 Libraries\STM32F10x_StdPeriph_Driver\src\stm32f10x_pwr.o
PWR_GetFlagStatus                                 Libraries\STM32F10x_StdPeriph_Driver\src\stm32f10x_pwr.o
PWR_PVDCmd                                        Libraries\STM32F10x_StdPeriph_Driver\src\stm32f10x_pwr.o
PWR_PVDLevelConfig                                Libraries\STM32F10x_StdPeriph_Driver\src\stm32f10x_pwr.o
PWR_WakeUpPinCmd                                  Libraries\STM32F10x_StdPeriph_Driver\src\stm32f10x_pwr.o
PendSV_Handler                                    src\port.o
Queue1                                            src\main.o
RCC_ADCCLKConfig                                  Libraries\STM32F10x_StdPeriph_Driver\src\stm32f10x_rcc.o
RCC_AHBPeriphClockCmd                             Libraries\STM32F10x_StdPeriph_Driver\src\stm32f10x_rcc.o
RCC_APB1PeriphClockCmd                            Libraries\STM32F10x_StdPeriph_Driver\src\stm32f10x_rcc.o
RCC_APB1PeriphResetCmd                            Libraries\STM32F10x_StdPeriph_Driver\src\stm32f10x_rcc.o
                                                  Libraries\STM32F10x_StdPeriph_Driver\src\stm32f10x_wwdg.o
                                                  Libraries\STM32F10x_StdPeriph_Driver\src\stm32f10x_usart.o
                                                  Libraries\STM32F10x_StdPeriph_Driver\src\stm32f10x_tim.o
                                                  Libraries\STM32F10x_StdPeriph_Driver\src\stm32f10x_spi.o
                                                  Libraries\STM32F10x_StdPeriph_Driver\src\stm32f10x_pwr.o
                                                  Libraries\STM32F10x_StdPeriph_Driver\src\stm32f10x_i2c.o
                                                  Libraries\STM32F10x_StdPeriph_Driver\src\stm32f10x_dac.o
                                                  Libraries\STM32F10x_StdPeriph_Driver\src\stm32f10x_cec.o
                                                  Libraries\STM32F10x_StdPeriph_Driver\src\stm32f10x_can.o
RCC_APB2PeriphClockCmd                            Libraries\STM32F10x_StdPeriph_Driver\src\stm32f10x_rcc.o
RCC_APB2PeriphResetCmd                            Libraries\STM32F10x_StdPeriph_Driver\src\stm32f10x_rcc.o
                                                  Libraries\STM32F10x_StdPeriph_Driver\src\stm32f10x_usart.o
                                                  Libraries\STM32F10x_StdPeriph_Driver\src\stm32f10x_tim.o
                                                  Libraries\STM32F10x_StdPeriph_Driver\src\stm32f10x_spi.o
                                                  Libraries\STM32F10x_StdPeriph_Driver\src\stm32f10x_gpio.o
                                                  Libraries\STM32F10x_StdPeriph_Driver\src\stm32f10x_adc.o
RCC_AdjustHSICalibrationValue                     Libraries\STM32F10x_StdPeriph_Driver\src\stm32f10x_rcc.o
RCC_BackupResetCmd                                Libraries\STM32F10x_StdPeriph_Driver\src\stm32f10x_rcc.o
                                                  Libraries\STM32F10x_StdPeriph_Driver\src\stm32f10x_bkp.o
RCC_ClearFlag                                     Libraries\STM32F10x_StdPeriph_Driver\src\stm32f10x_rcc.o
RCC_ClearITPendingBit                             Libraries\STM32F10x_StdPeriph_Driver\src\stm32f10x_rcc.o
RCC_ClockSecuritySystemCmd                        Libraries\STM32F10x_StdPeriph_Driver\src\stm32f10x_rcc.o
RCC_DeInit                                        Libraries\STM32F10x_StdPeriph_Driver\src\stm32f10x_rcc.o
RCC_GetClocksFreq                                 Libraries\STM32F10x_StdPeriph_Driver\src\stm32f10x_rcc.o
                                                  Libraries\STM32F10x_StdPeriph_Driver\src\stm32f10x_usart.o
                                                  Libraries\STM32F10x_StdPeriph_Driver\src\stm32f10x_spi.o
                                                  Libraries\STM32F10x_StdPeriph_Driver\src\stm32f10x_i2c.o
RCC_GetFlagStatus                                 Libraries\STM32F10x_StdPeriph_Driver\src\stm32f10x_rcc.o
RCC_GetITStatus                                   Libraries\STM32F10x_StdPeriph_Driver\src\stm32f10x_rcc.o
RCC_GetSYSCLKSource                               Libraries\STM32F10x_StdPeriph_Driver\src\stm32f10x_rcc.o
RCC_HCLKConfig                                    Libraries\STM32F10x_StdPeriph_Driver\src\stm32f10x_rcc.o
RCC_HSEConfig                                     Libraries\STM32F10x_StdPeriph_Driver\src\stm32f10x_rcc.o
RCC_HSICmd                                        Libraries\STM32F10x_StdPeriph_Driver\src\stm32f10x_rcc.o
RCC_IRQHandler                                    src\startup_stm32f10x_md.o
RCC_ITConfig                                      Libraries\STM32F10x_StdPeriph_Driver\src\stm32f10x_rcc.o
RCC_LSEConfig                                     Libraries\STM32F10x_StdPeriph_Driver\src\stm32f10x_rcc.o
RCC_LSICmd                                        Libraries\STM32F10x_StdPeriph_Driver\src\stm32f10x_rcc.o
RCC_MCOConfig                                     Libraries\STM32F10x_StdPeriph_Driver\src\stm32f10x_rcc.o
RCC_PCLK1Config                                   Libraries\STM32F10x_StdPeriph_Driver\src\stm32f10x_rcc.o
RCC_PCLK2Config                                   Libraries\STM32F10x_StdPeriph_Driver\src\stm32f10x_rcc.o
RCC_PLLCmd                                        Libraries\STM32F10x_StdPeriph_Driver\src\stm32f10x_rcc.o
RCC_PLLConfig                                     Libraries\STM32F10x_StdPeriph_Driver\src\stm32f10x_rcc.o
RCC_RTCCLKCmd                                     Libraries\STM32F10x_StdPeriph_Driver\src\stm32f10x_rcc.o
RCC_RTCCLKConfig                                  Libraries\STM32F10x_StdPeriph_Driver\src\stm32f10x_rcc.o
RCC_SYSCLKConfig                                  Libraries\STM32F10x_StdPeriph_Driver\src\stm32f10x_rcc.o
RCC_USBCLKConfig                                  Libraries\STM32F10x_StdPeriph_Driver\src\stm32f10x_rcc.o
RCC_WaitForHSEStartUp                             Libraries\STM32F10x_StdPeriph_Driver\src\stm32f10x_rcc.o
RTCAlarm_IRQHandler                               src\startup_stm32f10x_md.o
RTC_ClearFlag                                     Libraries\STM32F10x_StdPeriph_Driver\src\stm32f10x_rtc.o
RTC_ClearITPendingBit                             Libraries\STM32F10x_StdPeriph_Driver\src\stm32f10x_rtc.o
RTC_EnterConfigMode                               Libraries\STM32F10x_StdPeriph_Driver\src\stm32f10x_rtc.o
RTC_ExitConfigMode                                Libraries\STM32F10x_StdPeriph_Driver\src\stm32f10x_rtc.o
RTC_GetCounter                                    Libraries\STM32F10x_StdPeriph_Driver\src\stm32f10x_rtc.o
RTC_GetDivider                                    Libraries\STM32F10x_StdPeriph_Driver\src\stm32f10x_rtc.o
RTC_GetFlagStatus                                 Libraries\STM32F10x_StdPeriph_Driver\src\stm32f10x_rtc.o
RTC_GetITStatus                                   Libraries\STM32F10x_StdPeriph_Driver\src\stm32f10x_rtc.o
RTC_IRQHandler                                    src\startup_stm32f10x_md.o
RTC_ITConfig                                      Libraries\STM32F10x_StdPeriph_Driver\src\stm32f10x_rtc.o
RTC_SetAlarm                                      Libraries\STM32F10x_StdPeriph_Driver\src\stm32f10x_rtc.o
RTC_SetCounter                                    Libraries\STM32F10x_StdPeriph_Driver\src\stm32f10x_rtc.o
RTC_SetPrescaler                                  Libraries\STM32F10x_StdPeriph_Driver\src\stm32f10x_rtc.o
RTC_WaitForLastTask                               Libraries\STM32F10x_StdPeriph_Driver\src\stm32f10x_rtc.o
RTC_WaitForSynchro                                Libraries\STM32F10x_StdPeriph_Driver\src\stm32f10x_rtc.o
Reset_Handler                                     src\startup_stm32f10x_md.o
SDIO_CEATAITCmd                                   Libraries\STM32F10x_StdPeriph_Driver\src\stm32f10x_sdio.o
SDIO_ClearFlag                                    Libraries\STM32F10x_StdPeriph_Driver\src\stm32f10x_sdio.o
SDIO_ClearITPendingBit                            Libraries\STM32F10x_StdPeriph_Driver\src\stm32f10x_sdio.o
SDIO_ClockCmd                                     Libraries\STM32F10x_StdPeriph_Driver\src\stm32f10x_sdio.o
SDIO_CmdStructInit                                Libraries\STM32F10x_StdPeriph_Driver\src\stm32f10x_sdio.o
SDIO_CommandCompletionCmd                         Libraries\STM32F10x_StdPeriph_Driver\src\stm32f10x_sdio.o
SDIO_DMACmd                                       Libraries\STM32F10x_StdPeriph_Driver\src\stm32f10x_sdio.o
SDIO_DataConfig                                   Libraries\STM32F10x_StdPeriph_Driver\src\stm32f10x_sdio.o
SDIO_DataStructInit                               Libraries\STM32F10x_StdPeriph_Driver\src\stm32f10x_sdio.o
SDIO_DeInit                                       Libraries\STM32F10x_StdPeriph_Driver\src\stm32f10x_sdio.o
SDIO_GetCommandResponse                           Libraries\STM32F10x_StdPeriph_Driver\src\stm32f10x_sdio.o
SDIO_GetDataCounter                               Libraries\STM32F10x_StdPeriph_Driver\src\stm32f10x_sdio.o
SDIO_GetFIFOCount                                 Libraries\STM32F10x_StdPeriph_Driver\src\stm32f10x_sdio.o
SDIO_GetFlagStatus                                Libraries\STM32F10x_StdPeriph_Driver\src\stm32f10x_sdio.o
SDIO_GetITStatus                                  Libraries\STM32F10x_StdPeriph_Driver\src\stm32f10x_sdio.o
SDIO_GetPowerState                                Libraries\STM32F10x_StdPeriph_Driver\src\stm32f10x_sdio.o
SDIO_GetResponse                                  Libraries\STM32F10x_StdPeriph_Driver\src\stm32f10x_sdio.o
SDIO_ITConfig                                     Libraries\STM32F10x_StdPeriph_Driver\src\stm32f10x_sdio.o
SDIO_Init                                         Libraries\STM32F10x_StdPeriph_Driver\src\stm32f10x_sdio.o
SDIO_ReadData                                     Libraries\STM32F10x_StdPeriph_Driver\src\stm32f10x_sdio.o
SDIO_SendCEATACmd                                 Libraries\STM32F10x_StdPeriph_Driver\src\stm32f10x_sdio.o
SDIO_SendCommand                                  Libraries\STM32F10x_StdPeriph_Driver\src\stm32f10x_sdio.o
SDIO_SendSDIOSuspendCmd                           Libraries\STM32F10x_StdPeriph_Driver\src\stm32f10x_sdio.o
SDIO_SetPowerState                                Libraries\STM32F10x_StdPeriph_Driver\src\stm32f10x_sdio.o
SDIO_SetSDIOOperation                             Libraries\STM32F10x_StdPeriph_Driver\src\stm32f10x_sdio.o
SDIO_SetSDIOReadWaitMode                          Libraries\STM32F10x_StdPeriph_Driver\src\stm32f10x_sdio.o
SDIO_StartSDIOReadWait                            Libraries\STM32F10x_StdPeriph_Driver\src\stm32f10x_sdio.o
SDIO_StopSDIOReadWait                             Libraries\STM32F10x_StdPeriph_Driver\src\stm32f10x_sdio.o
SDIO_StructInit                                   Libraries\STM32F10x_StdPeriph_Driver\src\stm32f10x_sdio.o
SDIO_WriteData                                    Libraries\STM32F10x_StdPeriph_Driver\src\stm32f10x_sdio.o
SEVSEG1_voidDisplay                               src\SEVSEG_program.o
                                                  src\main.o
SEVSEG2_voidDisplay                               src\SEVSEG_program.o
                                                  src\main.o
SEVSEG_voidInit                                   src\SEVSEG_program.o
                                                  src\main.o
SPI1_IRQHandler                                   src\startup_stm32f10x_md.o
SPI2_IRQHandler                                   src\startup_stm32f10x_md.o
SPI_BiDirectionalLineConfig                       Libraries\STM32F10x_StdPeriph_Driver\src\stm32f10x_spi.o
SPI_CalculateCRC                                  Libraries\STM32F10x_StdPeriph_Driver\src\stm32f10x_spi.o
SPI_Cmd                                           Libraries\STM32F10x_StdPeriph_Driver\src\stm32f10x_spi.o
SPI_DataSizeConfig                                Libraries\STM32F10x_StdPeriph_Driver\src\stm32f10x_spi.o
SPI_GetCRC                                        Libraries\STM32F10x_StdPeriph_Driver\src\stm32f10x_spi.o
SPI_GetCRCPolynomial                              Libraries\STM32F10x_StdPeriph_Driver\src\stm32f10x_spi.o
SPI_I2S_ClearFlag                                 Libraries\STM32F10x_StdPeriph_Driver\src\stm32f10x_spi.o
SPI_I2S_ClearITPendingBit                         Libraries\STM32F10x_StdPeriph_Driver\src\stm32f10x_spi.o
SPI_I2S_DMACmd                                    Libraries\STM32F10x_StdPeriph_Driver\src\stm32f10x_spi.o
SPI_I2S_DeInit                                    Libraries\STM32F10x_StdPeriph_Driver\src\stm32f10x_spi.o
SPI_I2S_GetFlagStatus                             Libraries\STM32F10x_StdPeriph_Driver\src\stm32f10x_spi.o
SPI_I2S_GetITStatus                               Libraries\STM32F10x_StdPeriph_Driver\src\stm32f10x_spi.o
SPI_I2S_ITConfig                                  Libraries\STM32F10x_StdPeriph_Driver\src\stm32f10x_spi.o
SPI_I2S_ReceiveData                               Libraries\STM32F10x_StdPeriph_Driver\src\stm32f10x_spi.o
SPI_I2S_SendData                                  Libraries\STM32F10x_StdPeriph_Driver\src\stm32f10x_spi.o
SPI_Init                                          Libraries\STM32F10x_StdPeriph_Driver\src\stm32f10x_spi.o
SPI_NSSInternalSoftwareConfig                     Libraries\STM32F10x_StdPeriph_Driver\src\stm32f10x_spi.o
SPI_SSOutputCmd                                   Libraries\STM32F10x_StdPeriph_Driver\src\stm32f10x_spi.o
SPI_StructInit                                    Libraries\STM32F10x_StdPeriph_Driver\src\stm32f10x_spi.o
SPI_TransmitCRC                                   Libraries\STM32F10x_StdPeriph_Driver\src\stm32f10x_spi.o
SVC_Handler                                       src\port.o
SysTick_CLKSourceConfig                           Libraries\STM32F10x_StdPeriph_Driver\src\misc.o
SysTick_Handler                                   src\port.o
SystemCoreClock                                   src\system_stm32f10x.o
SystemCoreClockUpdate                             src\system_stm32f10x.o
SystemInit                                        src\system_stm32f10x.o
                                                  src\startup_stm32f10x_md.o
TAMPER_IRQHandler                                 src\startup_stm32f10x_md.o
TIM1_BRK_IRQHandler                               src\startup_stm32f10x_md.o
TIM1_CC_IRQHandler                                src\startup_stm32f10x_md.o
TIM1_TRG_COM_IRQHandler                           src\startup_stm32f10x_md.o
TIM1_UP_IRQHandler                                src\startup_stm32f10x_md.o
TIM2_IRQHandler                                   src\startup_stm32f10x_md.o
TIM3_IRQHandler                                   src\startup_stm32f10x_md.o
TIM4_IRQHandler                                   src\startup_stm32f10x_md.o
TIM_ARRPreloadConfig                              Libraries\STM32F10x_StdPeriph_Driver\src\stm32f10x_tim.o
TIM_BDTRConfig                                    Libraries\STM32F10x_StdPeriph_Driver\src\stm32f10x_tim.o